                                      1 ;--------------------------------------------------------
                                      2 ; File Created by SDCC : free open source ANSI-C Compiler
                                      3 ; Version 4.1.0 #12072 (Linux)
                                      4 ;--------------------------------------------------------
                                      5 	.module led_matrix
                                      6 	.optsdcc -mstm8
                                      7 	
                                      8 ;--------------------------------------------------------
                                      9 ; Public variables in this module
                                     10 ;--------------------------------------------------------
                                     11 	.globl _SetLedState
                                     12 	.globl _GetLedState
                                     13 	.globl _UpdateLedState
                                     14 	.globl _LedsInit
                                     15 	.globl _led_ticks
                                     16 	.globl _LedMatrixInit
                                     17 	.globl _SetLedMode
                                     18 	.globl _UpdateLeds
                                     19 ;--------------------------------------------------------
                                     20 ; ram data
                                     21 ;--------------------------------------------------------
                                     22 	.area DATA
      000000                         23 _led_ticks::
      000000                         24 	.ds 48
                                     25 ;--------------------------------------------------------
                                     26 ; ram data
                                     27 ;--------------------------------------------------------
                                     28 	.area INITIALIZED
                                     29 ;--------------------------------------------------------
                                     30 ; absolute external ram data
                                     31 ;--------------------------------------------------------
                                     32 	.area DABS (ABS)
                                     33 
                                     34 ; default segment ordering for linker
                                     35 	.area HOME
                                     36 	.area GSINIT
                                     37 	.area GSFINAL
                                     38 	.area CONST
                                     39 	.area INITIALIZER
                                     40 	.area CODE
                                     41 
                                     42 ;--------------------------------------------------------
                                     43 ; global & static initialisations
                                     44 ;--------------------------------------------------------
                                     45 	.area HOME
                                     46 	.area GSINIT
                                     47 	.area GSFINAL
                                     48 	.area GSINIT
                                     49 ;--------------------------------------------------------
                                     50 ; Home
                                     51 ;--------------------------------------------------------
                                     52 	.area HOME
                                     53 	.area HOME
                                     54 ;--------------------------------------------------------
                                     55 ; code
                                     56 ;--------------------------------------------------------
                                     57 	.area CODE
                                     58 ;	../src/led_matrix.c: 52: void LedMatrixInit( void ){
                                     59 ;	-----------------------------------------
                                     60 ;	 function LedMatrixInit
                                     61 ;	-----------------------------------------
      000000                         62 _LedMatrixInit:
                                     63 ;	../src/led_matrix.c: 54: LedsInit();
                                     64 ;	../src/led_matrix.c: 55: }
      000000 CCr00r00         [ 2]   65 	jp	_LedsInit
                                     66 ;	../src/led_matrix.c: 71: void SetLedMode(uint8_t ledID, enum led_mode_t mode)
                                     67 ;	-----------------------------------------
                                     68 ;	 function SetLedMode
                                     69 ;	-----------------------------------------
      000003                         70 _SetLedMode:
      000003 52 09            [ 2]   71 	sub	sp, #9
                                     72 ;	../src/led_matrix.c: 75: if(mode >= LED_MODE_MAX) return;
      000005 7B 0D            [ 1]   73 	ld	a, (0x0d, sp)
      000007 A1 04            [ 1]   74 	cp	a, #0x04
      000009 25 03            [ 1]   75 	jrc	00102$
      00000B CCr00rD5         [ 2]   76 	jp	00113$
      00000E                         77 00102$:
                                     78 ;	../src/led_matrix.c: 76: if(ledID >= NUM_OF_LEDS) return;
      00000E 7B 0C            [ 1]   79 	ld	a, (0x0c, sp)
      000010 A1 0C            [ 1]   80 	cp	a, #0x0c
      000012 25 03            [ 1]   81 	jrc	00104$
      000014 CCr00rD5         [ 2]   82 	jp	00113$
      000017                         83 00104$:
                                     84 ;	../src/led_matrix.c: 78: switch(mode){
      000017 7B 0D            [ 1]   85 	ld	a, (0x0d, sp)
      000019 A1 00            [ 1]   86 	cp	a, #0x00
      00001B 27 14            [ 1]   87 	jreq	00106$
      00001D 7B 0D            [ 1]   88 	ld	a, (0x0d, sp)
      00001F 4A               [ 1]   89 	dec	a
      000020 27 2A            [ 1]   90 	jreq	00107$
      000022 7B 0D            [ 1]   91 	ld	a, (0x0d, sp)
      000024 A1 02            [ 1]   92 	cp	a, #0x02
      000026 27 6E            [ 1]   93 	jreq	00111$
      000028 7B 0D            [ 1]   94 	ld	a, (0x0d, sp)
      00002A A1 03            [ 1]   95 	cp	a, #0x03
      00002C 27 03            [ 1]   96 	jreq	00172$
      00002E CCr00rD5         [ 2]   97 	jp	00113$
      000031                         98 00172$:
                                     99 ;	../src/led_matrix.c: 80: case LED_OFF: led_ticks[ledID] = 0; SetLedState(ledID, mode);break;
      000031                        100 00106$:
      000031 5F               [ 1]  101 	clrw	x
      000032 7B 0C            [ 1]  102 	ld	a, (0x0c, sp)
      000034 97               [ 1]  103 	ld	xl, a
      000035 58               [ 2]  104 	sllw	x
      000036 58               [ 2]  105 	sllw	x
      000037 1Cr00r00         [ 2]  106 	addw	x, #(_led_ticks+0)
      00003A 90 5F            [ 1]  107 	clrw	y
      00003C EF 02            [ 2]  108 	ldw	(0x2, x), y
      00003E FF               [ 2]  109 	ldw	(x), y
      00003F 7B 0D            [ 1]  110 	ld	a, (0x0d, sp)
      000041 88               [ 1]  111 	push	a
      000042 7B 0D            [ 1]  112 	ld	a, (0x0d, sp)
      000044 88               [ 1]  113 	push	a
      000045 CDr00r00         [ 4]  114 	call	_SetLedState
      000048 85               [ 2]  115 	popw	x
      000049 CCr00rD5         [ 2]  116 	jp	00113$
                                    117 ;	../src/led_matrix.c: 81: case LED_TOGGLE_SLOW: //even number is slow
      00004C                        118 00107$:
                                    119 ;	../src/led_matrix.c: 82: nxtTick = sysTick + LED_TOGGLE_SLOW_TICK;
      00004C CEu00u02         [ 2]  120 	ldw	x, _sysTick+2
      00004F 1C 27 10         [ 2]  121 	addw	x, #0x2710
      000052 90 CEu00u00      [ 2]  122 	ldw	y, _sysTick+0
      000056 24 02            [ 1]  123 	jrnc	00173$
      000058 90 5C            [ 1]  124 	incw	y
      00005A                        125 00173$:
      00005A 1F 08            [ 2]  126 	ldw	(0x08, sp), x
      00005C 17 06            [ 2]  127 	ldw	(0x06, sp), y
                                    128 ;	../src/led_matrix.c: 83: if(nxtTick) nxtTick = 2;
      00005E 1E 08            [ 2]  129 	ldw	x, (0x08, sp)
      000060 26 04            [ 1]  130 	jrne	00174$
      000062 1E 06            [ 2]  131 	ldw	x, (0x06, sp)
      000064 27 0A            [ 1]  132 	jreq	00109$
      000066                        133 00174$:
      000066 AE 00 02         [ 2]  134 	ldw	x, #0x0002
      000069 1F 08            [ 2]  135 	ldw	(0x08, sp), x
      00006B 5F               [ 1]  136 	clrw	x
      00006C 1F 06            [ 2]  137 	ldw	(0x06, sp), x
      00006E 20 14            [ 2]  138 	jra	00110$
      000070                        139 00109$:
                                    140 ;	../src/led_matrix.c: 84: else nxtTick = (nxtTick%2)?(nxtTick+1):nxtTick;
      000070 7B 09            [ 1]  141 	ld	a, (0x09, sp)
      000072 44               [ 1]  142 	srl	a
      000073 24 0F            [ 1]  143 	jrnc	00115$
      000075 1E 08            [ 2]  144 	ldw	x, (0x08, sp)
      000077 1C 00 01         [ 2]  145 	addw	x, #0x0001
      00007A 16 06            [ 2]  146 	ldw	y, (0x06, sp)
      00007C 24 02            [ 1]  147 	jrnc	00176$
      00007E 90 5C            [ 1]  148 	incw	y
      000080                        149 00176$:
      000080 1F 08            [ 2]  150 	ldw	(0x08, sp), x
      000082 17 06            [ 2]  151 	ldw	(0x06, sp), y
      000084                        152 00115$:
      000084                        153 00110$:
                                    154 ;	../src/led_matrix.c: 85: led_ticks[ledID] = nxtTick;break;
      000084 5F               [ 1]  155 	clrw	x
      000085 7B 0C            [ 1]  156 	ld	a, (0x0c, sp)
      000087 97               [ 1]  157 	ld	xl, a
      000088 58               [ 2]  158 	sllw	x
      000089 58               [ 2]  159 	sllw	x
      00008A 1Cr00r00         [ 2]  160 	addw	x, #(_led_ticks+0)
      00008D 16 08            [ 2]  161 	ldw	y, (0x08, sp)
      00008F EF 02            [ 2]  162 	ldw	(0x2, x), y
      000091 16 06            [ 2]  163 	ldw	y, (0x06, sp)
      000093 FF               [ 2]  164 	ldw	(x), y
      000094 20 3F            [ 2]  165 	jra	00113$
                                    166 ;	../src/led_matrix.c: 86: case LED_TOGGLE_FAST: //odd number is fast
      000096                        167 00111$:
                                    168 ;	../src/led_matrix.c: 87: nxtTick = sysTick + LED_TOGGLE_FAST_TICK;
      000096 CEu00u02         [ 2]  169 	ldw	x, _sysTick+2
      000099 1C 03 E8         [ 2]  170 	addw	x, #0x03e8
      00009C 90 CEu00u00      [ 2]  171 	ldw	y, _sysTick+0
      0000A0 24 02            [ 1]  172 	jrnc	00177$
      0000A2 90 5C            [ 1]  173 	incw	y
      0000A4                        174 00177$:
      0000A4 1F 03            [ 2]  175 	ldw	(0x03, sp), x
      0000A6 17 01            [ 2]  176 	ldw	(0x01, sp), y
                                    177 ;	../src/led_matrix.c: 88: nxtTick = (nxtTick%2)?nxtTick:(nxtTick+1);
      0000A8 7B 04            [ 1]  178 	ld	a, (0x04, sp)
      0000AA 44               [ 1]  179 	srl	a
      0000AB 24 0A            [ 1]  180 	jrnc	00117$
      0000AD 16 03            [ 2]  181 	ldw	y, (0x03, sp)
      0000AF 17 08            [ 2]  182 	ldw	(0x08, sp), y
      0000B1 16 01            [ 2]  183 	ldw	y, (0x01, sp)
      0000B3 17 06            [ 2]  184 	ldw	(0x06, sp), y
      0000B5 20 0E            [ 2]  185 	jra	00118$
      0000B7                        186 00117$:
      0000B7 1E 03            [ 2]  187 	ldw	x, (0x03, sp)
      0000B9 1C 00 01         [ 2]  188 	addw	x, #0x0001
      0000BC 1F 08            [ 2]  189 	ldw	(0x08, sp), x
      0000BE 1E 01            [ 2]  190 	ldw	x, (0x01, sp)
      0000C0 24 01            [ 1]  191 	jrnc	00179$
      0000C2 5C               [ 1]  192 	incw	x
      0000C3                        193 00179$:
      0000C3 1F 06            [ 2]  194 	ldw	(0x06, sp), x
      0000C5                        195 00118$:
      0000C5 16 08            [ 2]  196 	ldw	y, (0x08, sp)
                                    197 ;	../src/led_matrix.c: 89: led_ticks[ledID] = nxtTick;break;
      0000C7 5F               [ 1]  198 	clrw	x
      0000C8 7B 0C            [ 1]  199 	ld	a, (0x0c, sp)
      0000CA 97               [ 1]  200 	ld	xl, a
      0000CB 58               [ 2]  201 	sllw	x
      0000CC 58               [ 2]  202 	sllw	x
      0000CD 1Cr00r00         [ 2]  203 	addw	x, #(_led_ticks+0)
      0000D0 EF 02            [ 2]  204 	ldw	(0x2, x), y
      0000D2 16 06            [ 2]  205 	ldw	y, (0x06, sp)
      0000D4 FF               [ 2]  206 	ldw	(x), y
                                    207 ;	../src/led_matrix.c: 90: }
      0000D5                        208 00113$:
                                    209 ;	../src/led_matrix.c: 91: }
      0000D5 5B 09            [ 2]  210 	addw	sp, #9
      0000D7 81               [ 4]  211 	ret
                                    212 ;	../src/led_matrix.c: 95: void UpdateLeds()
                                    213 ;	-----------------------------------------
                                    214 ;	 function UpdateLeds
                                    215 ;	-----------------------------------------
      0000D8                        216 _UpdateLeds:
      0000D8 52 0B            [ 2]  217 	sub	sp, #11
                                    218 ;	../src/led_matrix.c: 100: for(idx = 0; idx < NUM_OF_LEDS; idx++){
      0000DA 0F 0B            [ 1]  219 	clr	(0x0b, sp)
      0000DC                        220 00105$:
                                    221 ;	../src/led_matrix.c: 101: tick = led_ticks[idx];
      0000DC 5F               [ 1]  222 	clrw	x
      0000DD 7B 0B            [ 1]  223 	ld	a, (0x0b, sp)
      0000DF 97               [ 1]  224 	ld	xl, a
      0000E0 58               [ 2]  225 	sllw	x
      0000E1 58               [ 2]  226 	sllw	x
      0000E2 1Cr00r00         [ 2]  227 	addw	x, #(_led_ticks+0)
      0000E5 1F 05            [ 2]  228 	ldw	(0x05, sp), x
      0000E7 90 93            [ 1]  229 	ldw	y, x
      0000E9 90 EE 02         [ 2]  230 	ldw	y, (0x2, y)
      0000EC 17 09            [ 2]  231 	ldw	(0x09, sp), y
      0000EE FE               [ 2]  232 	ldw	x, (x)
      0000EF 1F 07            [ 2]  233 	ldw	(0x07, sp), x
      0000F1 16 09            [ 2]  234 	ldw	y, (0x09, sp)
      0000F3 17 03            [ 2]  235 	ldw	(0x03, sp), y
      0000F5 16 07            [ 2]  236 	ldw	y, (0x07, sp)
      0000F7 17 01            [ 2]  237 	ldw	(0x01, sp), y
                                    238 ;	../src/led_matrix.c: 102: if((tick != 0) && (sysTick == tick)){
      0000F9 1E 03            [ 2]  239 	ldw	x, (0x03, sp)
      0000FB 26 04            [ 1]  240 	jrne	00137$
      0000FD 1E 01            [ 2]  241 	ldw	x, (0x01, sp)
      0000FF 27 4F            [ 1]  242 	jreq	00106$
      000101                        243 00137$:
      000101 1E 03            [ 2]  244 	ldw	x, (0x03, sp)
      000103 C3u00u02         [ 2]  245 	cpw	x, _sysTick+2
      000106 26 48            [ 1]  246 	jrne	00106$
      000108 1E 01            [ 2]  247 	ldw	x, (0x01, sp)
      00010A C3u00u00         [ 2]  248 	cpw	x, _sysTick+0
      00010D 26 41            [ 1]  249 	jrne	00106$
                                    250 ;	../src/led_matrix.c: 103: led_ticks[idx] += ((tick%2)?LED_TOGGLE_FAST_TICK:LED_TOGGLE_SLOW_TICK);
      00010F 7B 04            [ 1]  251 	ld	a, (0x04, sp)
      000111 44               [ 1]  252 	srl	a
      000112 24 07            [ 1]  253 	jrnc	00109$
      000114 AE 03 E8         [ 2]  254 	ldw	x, #0x03e8
      000117 1F 03            [ 2]  255 	ldw	(0x03, sp), x
      000119 20 05            [ 2]  256 	jra	00110$
      00011B                        257 00109$:
      00011B AE 27 10         [ 2]  258 	ldw	x, #0x2710
      00011E 1F 03            [ 2]  259 	ldw	(0x03, sp), x
      000120                        260 00110$:
      000120 16 03            [ 2]  261 	ldw	y, (0x03, sp)
      000122 5F               [ 1]  262 	clrw	x
      000123 90 5D            [ 2]  263 	tnzw	y
      000125 2A 01            [ 1]  264 	jrpl	00142$
      000127 5A               [ 2]  265 	decw	x
      000128                        266 00142$:
      000128 72 F9 09         [ 2]  267 	addw	y, (0x09, sp)
      00012B 9F               [ 1]  268 	ld	a, xl
      00012C 19 08            [ 1]  269 	adc	a, (0x08, sp)
      00012E 6B 02            [ 1]  270 	ld	(0x02, sp), a
      000130 9E               [ 1]  271 	ld	a, xh
      000131 19 07            [ 1]  272 	adc	a, (0x07, sp)
      000133 6B 01            [ 1]  273 	ld	(0x01, sp), a
      000135 1E 05            [ 2]  274 	ldw	x, (0x05, sp)
      000137 EF 02            [ 2]  275 	ldw	(0x2, x), y
      000139 16 01            [ 2]  276 	ldw	y, (0x01, sp)
      00013B FF               [ 2]  277 	ldw	(x), y
                                    278 ;	../src/led_matrix.c: 104: SetLedState(idx, !GetLedState(idx));
      00013C 7B 0B            [ 1]  279 	ld	a, (0x0b, sp)
      00013E 88               [ 1]  280 	push	a
      00013F CDr00r00         [ 4]  281 	call	_GetLedState
      000142 5B 01            [ 2]  282 	addw	sp, #1
      000144 A0 01            [ 1]  283 	sub	a, #0x01
      000146 4F               [ 1]  284 	clr	a
      000147 49               [ 1]  285 	rlc	a
      000148 88               [ 1]  286 	push	a
      000149 7B 0C            [ 1]  287 	ld	a, (0x0c, sp)
      00014B 88               [ 1]  288 	push	a
      00014C CDr00r00         [ 4]  289 	call	_SetLedState
      00014F 85               [ 2]  290 	popw	x
      000150                        291 00106$:
                                    292 ;	../src/led_matrix.c: 100: for(idx = 0; idx < NUM_OF_LEDS; idx++){
      000150 0C 0B            [ 1]  293 	inc	(0x0b, sp)
      000152 7B 0B            [ 1]  294 	ld	a, (0x0b, sp)
      000154 A1 0C            [ 1]  295 	cp	a, #0x0c
      000156 24 03            [ 1]  296 	jrnc	00143$
      000158 CCr00rDC         [ 2]  297 	jp	00105$
      00015B                        298 00143$:
                                    299 ;	../src/led_matrix.c: 108: UpdateLedState();
      00015B 5B 0B            [ 2]  300 	addw	sp, #11
                                    301 ;	../src/led_matrix.c: 109: }
      00015D CCr00r00         [ 2]  302 	jp	_UpdateLedState
                                    303 	.area CODE
                                    304 	.area CONST
                                    305 	.area INITIALIZER
                                    306 	.area CABS (ABS)
