                                      1 ;--------------------------------------------------------
                                      2 ; File Created by SDCC : free open source ANSI-C Compiler
                                      3 ; Version 4.1.0 #12072 (Linux)
                                      4 ;--------------------------------------------------------
                                      5 	.module led_matrix
                                      6 	.optsdcc -mstm8
                                      7 	
                                      8 ;--------------------------------------------------------
                                      9 ; Public variables in this module
                                     10 ;--------------------------------------------------------
                                     11 	.globl _SetLedState
                                     12 	.globl _GetLedState
                                     13 	.globl _UpdateLedState
                                     14 	.globl _LedsInit
                                     15 	.globl _led_ticks
                                     16 	.globl _LedMatrixInit
                                     17 	.globl _SetLedMode
                                     18 	.globl _UpdateLeds
                                     19 ;--------------------------------------------------------
                                     20 ; ram data
                                     21 ;--------------------------------------------------------
                                     22 	.area DATA
      000000                         23 _led_ticks::
      000000                         24 	.ds 48
                                     25 ;--------------------------------------------------------
                                     26 ; ram data
                                     27 ;--------------------------------------------------------
                                     28 	.area INITIALIZED
                                     29 ;--------------------------------------------------------
                                     30 ; absolute external ram data
                                     31 ;--------------------------------------------------------
                                     32 	.area DABS (ABS)
                                     33 
                                     34 ; default segment ordering for linker
                                     35 	.area HOME
                                     36 	.area GSINIT
                                     37 	.area GSFINAL
                                     38 	.area CONST
                                     39 	.area INITIALIZER
                                     40 	.area CODE
                                     41 
                                     42 ;--------------------------------------------------------
                                     43 ; global & static initialisations
                                     44 ;--------------------------------------------------------
                                     45 	.area HOME
                                     46 	.area GSINIT
                                     47 	.area GSFINAL
                                     48 	.area GSINIT
                                     49 ;--------------------------------------------------------
                                     50 ; Home
                                     51 ;--------------------------------------------------------
                                     52 	.area HOME
                                     53 	.area HOME
                                     54 ;--------------------------------------------------------
                                     55 ; code
                                     56 ;--------------------------------------------------------
                                     57 	.area CODE
                                     58 ;	../src/led_matrix.c: 52: void LedMatrixInit( void ){
                                     59 ;	-----------------------------------------
                                     60 ;	 function LedMatrixInit
                                     61 ;	-----------------------------------------
      000000                         62 _LedMatrixInit:
                                     63 ;	../src/led_matrix.c: 54: LedsInit();
                                     64 ;	../src/led_matrix.c: 55: }
      000000 CCr00r00         [ 2]   65 	jp	_LedsInit
                                     66 ;	../src/led_matrix.c: 71: void SetLedMode(uint8_t ledID, enum led_mode_t mode)
                                     67 ;	-----------------------------------------
                                     68 ;	 function SetLedMode
                                     69 ;	-----------------------------------------
      000003                         70 _SetLedMode:
      000003 52 09            [ 2]   71 	sub	sp, #9
                                     72 ;	../src/led_matrix.c: 75: if(mode >= LED_MODE_MAX) return;
      000005 7B 0D            [ 1]   73 	ld	a, (0x0d, sp)
      000007 A1 04            [ 1]   74 	cp	a, #0x04
      000009 25 03            [ 1]   75 	jrc	00102$
      00000B CCr00rE9         [ 2]   76 	jp	00115$
      00000E                         77 00102$:
                                     78 ;	../src/led_matrix.c: 76: if(ledID >= NUM_OF_LEDS) return;
      00000E 7B 0C            [ 1]   79 	ld	a, (0x0c, sp)
      000010 A1 0C            [ 1]   80 	cp	a, #0x0c
      000012 25 03            [ 1]   81 	jrc	00104$
      000014 CCr00rE9         [ 2]   82 	jp	00115$
      000017                         83 00104$:
                                     84 ;	../src/led_matrix.c: 77: if(GetLedMode(ledID) == mode) return;
      000017 7B 0C            [ 1]   85 	ld	a, (0x0c, sp)
      000019 88               [ 1]   86 	push	a
      00001A CDr00rEC         [ 4]   87 	call	_GetLedMode
      00001D 84               [ 1]   88 	pop	a
      00001E 7B 0D            [ 1]   89 	ld	a, (0x0d, sp)
      000020 6B 09            [ 1]   90 	ld	(0x09, sp), a
      000022 0F 08            [ 1]   91 	clr	(0x08, sp)
      000024 13 08            [ 2]   92 	cpw	x, (0x08, sp)
      000026 26 03            [ 1]   93 	jrne	00106$
      000028 CCr00rE9         [ 2]   94 	jp	00115$
      00002B                         95 00106$:
                                     96 ;	../src/led_matrix.c: 79: switch(mode){
      00002B 7B 0D            [ 1]   97 	ld	a, (0x0d, sp)
      00002D A1 00            [ 1]   98 	cp	a, #0x00
      00002F 27 14            [ 1]   99 	jreq	00108$
      000031 7B 0D            [ 1]  100 	ld	a, (0x0d, sp)
      000033 4A               [ 1]  101 	dec	a
      000034 27 2A            [ 1]  102 	jreq	00109$
      000036 7B 0D            [ 1]  103 	ld	a, (0x0d, sp)
      000038 A1 02            [ 1]  104 	cp	a, #0x02
      00003A 27 6E            [ 1]  105 	jreq	00113$
      00003C 7B 0D            [ 1]  106 	ld	a, (0x0d, sp)
      00003E A1 03            [ 1]  107 	cp	a, #0x03
      000040 27 03            [ 1]  108 	jreq	00182$
      000042 CCr00rE9         [ 2]  109 	jp	00115$
      000045                        110 00182$:
                                    111 ;	../src/led_matrix.c: 81: case LED_OFF: led_ticks[ledID] = 0; SetLedState(ledID, mode);break;
      000045                        112 00108$:
      000045 5F               [ 1]  113 	clrw	x
      000046 7B 0C            [ 1]  114 	ld	a, (0x0c, sp)
      000048 97               [ 1]  115 	ld	xl, a
      000049 58               [ 2]  116 	sllw	x
      00004A 58               [ 2]  117 	sllw	x
      00004B 1Cr00r00         [ 2]  118 	addw	x, #(_led_ticks+0)
      00004E 90 5F            [ 1]  119 	clrw	y
      000050 EF 02            [ 2]  120 	ldw	(0x2, x), y
      000052 FF               [ 2]  121 	ldw	(x), y
      000053 7B 0D            [ 1]  122 	ld	a, (0x0d, sp)
      000055 88               [ 1]  123 	push	a
      000056 7B 0D            [ 1]  124 	ld	a, (0x0d, sp)
      000058 88               [ 1]  125 	push	a
      000059 CDr00r00         [ 4]  126 	call	_SetLedState
      00005C 85               [ 2]  127 	popw	x
      00005D CCr00rE9         [ 2]  128 	jp	00115$
                                    129 ;	../src/led_matrix.c: 82: case LED_TOGGLE_SLOW: //even number is slow
      000060                        130 00109$:
                                    131 ;	../src/led_matrix.c: 83: nxtTick = sysTick + LED_TOGGLE_SLOW_TICK;
      000060 CEu00u02         [ 2]  132 	ldw	x, _sysTick+2
      000063 1C 03 E8         [ 2]  133 	addw	x, #0x03e8
      000066 90 CEu00u00      [ 2]  134 	ldw	y, _sysTick+0
      00006A 24 02            [ 1]  135 	jrnc	00183$
      00006C 90 5C            [ 1]  136 	incw	y
      00006E                        137 00183$:
      00006E 1F 08            [ 2]  138 	ldw	(0x08, sp), x
      000070 17 06            [ 2]  139 	ldw	(0x06, sp), y
                                    140 ;	../src/led_matrix.c: 84: if(nxtTick) nxtTick = 2;
      000072 1E 08            [ 2]  141 	ldw	x, (0x08, sp)
      000074 26 04            [ 1]  142 	jrne	00184$
      000076 1E 06            [ 2]  143 	ldw	x, (0x06, sp)
      000078 27 0A            [ 1]  144 	jreq	00111$
      00007A                        145 00184$:
      00007A AE 00 02         [ 2]  146 	ldw	x, #0x0002
      00007D 1F 08            [ 2]  147 	ldw	(0x08, sp), x
      00007F 5F               [ 1]  148 	clrw	x
      000080 1F 06            [ 2]  149 	ldw	(0x06, sp), x
      000082 20 14            [ 2]  150 	jra	00112$
      000084                        151 00111$:
                                    152 ;	../src/led_matrix.c: 85: else nxtTick = (nxtTick%2)?(nxtTick+1):nxtTick;
      000084 7B 09            [ 1]  153 	ld	a, (0x09, sp)
      000086 44               [ 1]  154 	srl	a
      000087 24 0F            [ 1]  155 	jrnc	00117$
      000089 1E 08            [ 2]  156 	ldw	x, (0x08, sp)
      00008B 1C 00 01         [ 2]  157 	addw	x, #0x0001
      00008E 16 06            [ 2]  158 	ldw	y, (0x06, sp)
      000090 24 02            [ 1]  159 	jrnc	00186$
      000092 90 5C            [ 1]  160 	incw	y
      000094                        161 00186$:
      000094 1F 08            [ 2]  162 	ldw	(0x08, sp), x
      000096 17 06            [ 2]  163 	ldw	(0x06, sp), y
      000098                        164 00117$:
      000098                        165 00112$:
                                    166 ;	../src/led_matrix.c: 86: led_ticks[ledID] = nxtTick;break;
      000098 5F               [ 1]  167 	clrw	x
      000099 7B 0C            [ 1]  168 	ld	a, (0x0c, sp)
      00009B 97               [ 1]  169 	ld	xl, a
      00009C 58               [ 2]  170 	sllw	x
      00009D 58               [ 2]  171 	sllw	x
      00009E 1Cr00r00         [ 2]  172 	addw	x, #(_led_ticks+0)
      0000A1 16 08            [ 2]  173 	ldw	y, (0x08, sp)
      0000A3 EF 02            [ 2]  174 	ldw	(0x2, x), y
      0000A5 16 06            [ 2]  175 	ldw	y, (0x06, sp)
      0000A7 FF               [ 2]  176 	ldw	(x), y
      0000A8 20 3F            [ 2]  177 	jra	00115$
                                    178 ;	../src/led_matrix.c: 87: case LED_TOGGLE_FAST: //odd number is fast
      0000AA                        179 00113$:
                                    180 ;	../src/led_matrix.c: 88: nxtTick = sysTick + LED_TOGGLE_FAST_TICK;
      0000AA CEu00u02         [ 2]  181 	ldw	x, _sysTick+2
      0000AD 1C 00 64         [ 2]  182 	addw	x, #0x0064
      0000B0 90 CEu00u00      [ 2]  183 	ldw	y, _sysTick+0
      0000B4 24 02            [ 1]  184 	jrnc	00187$
      0000B6 90 5C            [ 1]  185 	incw	y
      0000B8                        186 00187$:
      0000B8 1F 03            [ 2]  187 	ldw	(0x03, sp), x
      0000BA 17 01            [ 2]  188 	ldw	(0x01, sp), y
                                    189 ;	../src/led_matrix.c: 89: nxtTick = (nxtTick%2)?nxtTick:(nxtTick+1);
      0000BC 7B 04            [ 1]  190 	ld	a, (0x04, sp)
      0000BE 44               [ 1]  191 	srl	a
      0000BF 24 0A            [ 1]  192 	jrnc	00119$
      0000C1 16 03            [ 2]  193 	ldw	y, (0x03, sp)
      0000C3 17 08            [ 2]  194 	ldw	(0x08, sp), y
      0000C5 16 01            [ 2]  195 	ldw	y, (0x01, sp)
      0000C7 17 06            [ 2]  196 	ldw	(0x06, sp), y
      0000C9 20 0E            [ 2]  197 	jra	00120$
      0000CB                        198 00119$:
      0000CB 1E 03            [ 2]  199 	ldw	x, (0x03, sp)
      0000CD 1C 00 01         [ 2]  200 	addw	x, #0x0001
      0000D0 1F 08            [ 2]  201 	ldw	(0x08, sp), x
      0000D2 1E 01            [ 2]  202 	ldw	x, (0x01, sp)
      0000D4 24 01            [ 1]  203 	jrnc	00189$
      0000D6 5C               [ 1]  204 	incw	x
      0000D7                        205 00189$:
      0000D7 1F 06            [ 2]  206 	ldw	(0x06, sp), x
      0000D9                        207 00120$:
      0000D9 16 08            [ 2]  208 	ldw	y, (0x08, sp)
                                    209 ;	../src/led_matrix.c: 90: led_ticks[ledID] = nxtTick;break;
      0000DB 5F               [ 1]  210 	clrw	x
      0000DC 7B 0C            [ 1]  211 	ld	a, (0x0c, sp)
      0000DE 97               [ 1]  212 	ld	xl, a
      0000DF 58               [ 2]  213 	sllw	x
      0000E0 58               [ 2]  214 	sllw	x
      0000E1 1Cr00r00         [ 2]  215 	addw	x, #(_led_ticks+0)
      0000E4 EF 02            [ 2]  216 	ldw	(0x2, x), y
      0000E6 16 06            [ 2]  217 	ldw	y, (0x06, sp)
      0000E8 FF               [ 2]  218 	ldw	(x), y
                                    219 ;	../src/led_matrix.c: 91: }
      0000E9                        220 00115$:
                                    221 ;	../src/led_matrix.c: 92: }
      0000E9 5B 09            [ 2]  222 	addw	sp, #9
      0000EB 81               [ 4]  223 	ret
                                    224 ;	../src/led_matrix.c: 94: static enum let_mode_t GetLedMode(uint8_t ledID)
                                    225 ;	-----------------------------------------
                                    226 ;	 function GetLedMode
                                    227 ;	-----------------------------------------
      0000EC                        228 _GetLedMode:
      0000EC 52 08            [ 2]  229 	sub	sp, #8
                                    230 ;	../src/led_matrix.c: 96: uint32_t tick = led_ticks[ledID];
      0000EE 5F               [ 1]  231 	clrw	x
      0000EF 7B 0B            [ 1]  232 	ld	a, (0x0b, sp)
      0000F1 97               [ 1]  233 	ld	xl, a
      0000F2 58               [ 2]  234 	sllw	x
      0000F3 58               [ 2]  235 	sllw	x
      0000F4 1Cr00r00         [ 2]  236 	addw	x, #(_led_ticks+0)
      0000F7 90 93            [ 1]  237 	ldw	y, x
      0000F9 90 EE 02         [ 2]  238 	ldw	y, (0x2, y)
      0000FC 17 03            [ 2]  239 	ldw	(0x03, sp), y
      0000FE FE               [ 2]  240 	ldw	x, (x)
      0000FF 1F 01            [ 2]  241 	ldw	(0x01, sp), x
      000101 16 03            [ 2]  242 	ldw	y, (0x03, sp)
      000103 17 07            [ 2]  243 	ldw	(0x07, sp), y
      000105 16 01            [ 2]  244 	ldw	y, (0x01, sp)
      000107 17 05            [ 2]  245 	ldw	(0x05, sp), y
                                    246 ;	../src/led_matrix.c: 98: if(0 == tick) return GetLedState(ledID)?LED_ON:LED_OFF;
      000109 1E 03            [ 2]  247 	ldw	x, (0x03, sp)
      00010B 26 1D            [ 1]  248 	jrne	00102$
      00010D 1E 01            [ 2]  249 	ldw	x, (0x01, sp)
      00010F 26 19            [ 1]  250 	jrne	00102$
      000111 7B 0B            [ 1]  251 	ld	a, (0x0b, sp)
      000113 88               [ 1]  252 	push	a
      000114 CDr00r00         [ 4]  253 	call	_GetLedState
      000117 5B 01            [ 2]  254 	addw	sp, #1
      000119 6B 08            [ 1]  255 	ld	(0x08, sp), a
      00011B 27 06            [ 1]  256 	jreq	00107$
      00011D AE 00 03         [ 2]  257 	ldw	x, #0x0003
      000120 1F 07            [ 2]  258 	ldw	(0x07, sp), x
      000122 BC                     259 	.byte 0xbc
      000123                        260 00107$:
      000123 5F               [ 1]  261 	clrw	x
      000124 1F 07            [ 2]  262 	ldw	(0x07, sp), x
      000126                        263 00108$:
      000126 1E 07            [ 2]  264 	ldw	x, (0x07, sp)
      000128 20 0B            [ 2]  265 	jra	00105$
      00012A                        266 00102$:
                                    267 ;	../src/led_matrix.c: 99: if(tick % 2) return LED_TOGGLE_FAST;
      00012A 7B 08            [ 1]  268 	ld	a, (0x08, sp)
      00012C 44               [ 1]  269 	srl	a
      00012D 24 04            [ 1]  270 	jrnc	00104$
      00012F AE 00 02         [ 2]  271 	ldw	x, #0x0002
                                    272 ;	../src/led_matrix.c: 100: return LED_TOGGLE_SLOW; 
      000132 C5                     273 	.byte 0xc5
      000133                        274 00104$:
      000133 5F               [ 1]  275 	clrw	x
      000134 5C               [ 1]  276 	incw	x
      000135                        277 00105$:
                                    278 ;	../src/led_matrix.c: 101: }
      000135 5B 08            [ 2]  279 	addw	sp, #8
      000137 81               [ 4]  280 	ret
                                    281 ;	../src/led_matrix.c: 105: void UpdateLeds()
                                    282 ;	-----------------------------------------
                                    283 ;	 function UpdateLeds
                                    284 ;	-----------------------------------------
      000138                        285 _UpdateLeds:
      000138 52 0B            [ 2]  286 	sub	sp, #11
                                    287 ;	../src/led_matrix.c: 110: for(idx = 0; idx < NUM_OF_LEDS; idx++){
      00013A 0F 0B            [ 1]  288 	clr	(0x0b, sp)
      00013C                        289 00105$:
                                    290 ;	../src/led_matrix.c: 111: tick = led_ticks[idx];
      00013C 5F               [ 1]  291 	clrw	x
      00013D 7B 0B            [ 1]  292 	ld	a, (0x0b, sp)
      00013F 97               [ 1]  293 	ld	xl, a
      000140 58               [ 2]  294 	sllw	x
      000141 58               [ 2]  295 	sllw	x
      000142 1Cr00r00         [ 2]  296 	addw	x, #(_led_ticks+0)
      000145 1F 05            [ 2]  297 	ldw	(0x05, sp), x
      000147 90 93            [ 1]  298 	ldw	y, x
      000149 90 EE 02         [ 2]  299 	ldw	y, (0x2, y)
      00014C 17 09            [ 2]  300 	ldw	(0x09, sp), y
      00014E FE               [ 2]  301 	ldw	x, (x)
      00014F 1F 07            [ 2]  302 	ldw	(0x07, sp), x
      000151 16 09            [ 2]  303 	ldw	y, (0x09, sp)
      000153 17 03            [ 2]  304 	ldw	(0x03, sp), y
      000155 16 07            [ 2]  305 	ldw	y, (0x07, sp)
      000157 17 01            [ 2]  306 	ldw	(0x01, sp), y
                                    307 ;	../src/led_matrix.c: 112: if((tick != 0) && (sysTick == tick)){
      000159 1E 03            [ 2]  308 	ldw	x, (0x03, sp)
      00015B 26 04            [ 1]  309 	jrne	00137$
      00015D 1E 01            [ 2]  310 	ldw	x, (0x01, sp)
      00015F 27 4F            [ 1]  311 	jreq	00106$
      000161                        312 00137$:
      000161 1E 03            [ 2]  313 	ldw	x, (0x03, sp)
      000163 C3u00u02         [ 2]  314 	cpw	x, _sysTick+2
      000166 26 48            [ 1]  315 	jrne	00106$
      000168 1E 01            [ 2]  316 	ldw	x, (0x01, sp)
      00016A C3u00u00         [ 2]  317 	cpw	x, _sysTick+0
      00016D 26 41            [ 1]  318 	jrne	00106$
                                    319 ;	../src/led_matrix.c: 113: led_ticks[idx] += ((tick%2)?LED_TOGGLE_FAST_TICK:LED_TOGGLE_SLOW_TICK);
      00016F 7B 04            [ 1]  320 	ld	a, (0x04, sp)
      000171 44               [ 1]  321 	srl	a
      000172 24 07            [ 1]  322 	jrnc	00109$
      000174 AE 00 64         [ 2]  323 	ldw	x, #0x0064
      000177 1F 03            [ 2]  324 	ldw	(0x03, sp), x
      000179 20 05            [ 2]  325 	jra	00110$
      00017B                        326 00109$:
      00017B AE 03 E8         [ 2]  327 	ldw	x, #0x03e8
      00017E 1F 03            [ 2]  328 	ldw	(0x03, sp), x
      000180                        329 00110$:
      000180 16 03            [ 2]  330 	ldw	y, (0x03, sp)
      000182 5F               [ 1]  331 	clrw	x
      000183 90 5D            [ 2]  332 	tnzw	y
      000185 2A 01            [ 1]  333 	jrpl	00142$
      000187 5A               [ 2]  334 	decw	x
      000188                        335 00142$:
      000188 72 F9 09         [ 2]  336 	addw	y, (0x09, sp)
      00018B 9F               [ 1]  337 	ld	a, xl
      00018C 19 08            [ 1]  338 	adc	a, (0x08, sp)
      00018E 6B 02            [ 1]  339 	ld	(0x02, sp), a
      000190 9E               [ 1]  340 	ld	a, xh
      000191 19 07            [ 1]  341 	adc	a, (0x07, sp)
      000193 6B 01            [ 1]  342 	ld	(0x01, sp), a
      000195 1E 05            [ 2]  343 	ldw	x, (0x05, sp)
      000197 EF 02            [ 2]  344 	ldw	(0x2, x), y
      000199 16 01            [ 2]  345 	ldw	y, (0x01, sp)
      00019B FF               [ 2]  346 	ldw	(x), y
                                    347 ;	../src/led_matrix.c: 114: SetLedState(idx, !GetLedState(idx));
      00019C 7B 0B            [ 1]  348 	ld	a, (0x0b, sp)
      00019E 88               [ 1]  349 	push	a
      00019F CDr00r00         [ 4]  350 	call	_GetLedState
      0001A2 5B 01            [ 2]  351 	addw	sp, #1
      0001A4 A0 01            [ 1]  352 	sub	a, #0x01
      0001A6 4F               [ 1]  353 	clr	a
      0001A7 49               [ 1]  354 	rlc	a
      0001A8 88               [ 1]  355 	push	a
      0001A9 7B 0C            [ 1]  356 	ld	a, (0x0c, sp)
      0001AB 88               [ 1]  357 	push	a
      0001AC CDr00r00         [ 4]  358 	call	_SetLedState
      0001AF 85               [ 2]  359 	popw	x
      0001B0                        360 00106$:
                                    361 ;	../src/led_matrix.c: 110: for(idx = 0; idx < NUM_OF_LEDS; idx++){
      0001B0 0C 0B            [ 1]  362 	inc	(0x0b, sp)
      0001B2 7B 0B            [ 1]  363 	ld	a, (0x0b, sp)
      0001B4 A1 0C            [ 1]  364 	cp	a, #0x0c
      0001B6 24 03            [ 1]  365 	jrnc	00143$
      0001B8 CCr01r3C         [ 2]  366 	jp	00105$
      0001BB                        367 00143$:
                                    368 ;	../src/led_matrix.c: 118: UpdateLedState();
      0001BB 5B 0B            [ 2]  369 	addw	sp, #11
                                    370 ;	../src/led_matrix.c: 119: }
      0001BD CCr00r00         [ 2]  371 	jp	_UpdateLedState
                                    372 	.area CODE
                                    373 	.area CONST
                                    374 	.area INITIALIZER
                                    375 	.area CABS (ABS)
