                                      1 ;--------------------------------------------------------
                                      2 ; File Created by SDCC : free open source ANSI-C Compiler
                                      3 ; Version 4.1.0 #12072 (Linux)
                                      4 ;--------------------------------------------------------
                                      5 	.module leds
                                      6 	.optsdcc -mstm8
                                      7 	
                                      8 ;--------------------------------------------------------
                                      9 ; Public variables in this module
                                     10 ;--------------------------------------------------------
                                     11 	.globl _leds_cathode
                                     12 	.globl _leds_anode
                                     13 	.globl _LedsInit
                                     14 	.globl _UpdateLedState
                                     15 	.globl _SetLedRaw
                                     16 	.globl _GetLedState
                                     17 	.globl _SetLedState
                                     18 ;--------------------------------------------------------
                                     19 ; ram data
                                     20 ;--------------------------------------------------------
                                     21 	.area DATA
      000000                         22 _ledsState:
      000000                         23 	.ds 2
      000002                         24 _UpdateLedState_ledId_65536_325:
      000002                         25 	.ds 1
      000003                         26 _UpdateLedState_ledIdPrev_65536_325:
      000003                         27 	.ds 1
                                     28 ;--------------------------------------------------------
                                     29 ; ram data
                                     30 ;--------------------------------------------------------
                                     31 	.area INITIALIZED
                                     32 ;--------------------------------------------------------
                                     33 ; absolute external ram data
                                     34 ;--------------------------------------------------------
                                     35 	.area DABS (ABS)
                                     36 
                                     37 ; default segment ordering for linker
                                     38 	.area HOME
                                     39 	.area GSINIT
                                     40 	.area GSFINAL
                                     41 	.area CONST
                                     42 	.area INITIALIZER
                                     43 	.area CODE
                                     44 
                                     45 ;--------------------------------------------------------
                                     46 ; global & static initialisations
                                     47 ;--------------------------------------------------------
                                     48 	.area HOME
                                     49 	.area GSINIT
                                     50 	.area GSFINAL
                                     51 	.area GSINIT
                                     52 ;	../src/leds.c: 98: static uint8_t ledId = NUM_OF_LEDS-1;
      000000 35 0Bu00u02      [ 1]   53 	mov	_UpdateLedState_ledId_65536_325+0, #0x0b
                                     54 ;	../src/leds.c: 100: static uint8_t ledIdPrev = 0;
      000004 72 5Fu00u03      [ 1]   55 	clr	_UpdateLedState_ledIdPrev_65536_325+0
                                     56 ;--------------------------------------------------------
                                     57 ; Home
                                     58 ;--------------------------------------------------------
                                     59 	.area HOME
                                     60 	.area HOME
                                     61 ;--------------------------------------------------------
                                     62 ; code
                                     63 ;--------------------------------------------------------
                                     64 	.area CODE
                                     65 ;	../src/leds.c: 55: void LedsInit( void )
                                     66 ;	-----------------------------------------
                                     67 ;	 function LedsInit
                                     68 ;	-----------------------------------------
      000000                         69 _LedsInit:
                                     70 ;	../src/leds.c: 57: ledsState = 0x00;
      000000 5F               [ 1]   71 	clrw	x
      000001 CFu00u00         [ 2]   72 	ldw	_ledsState+0, x
                                     73 ;	../src/leds.c: 58: GpioInit();
                                     74 ;	../src/leds.c: 59: }
      000004 CCr00r07         [ 2]   75 	jp	_GpioInit
                                     76 ;	../src/leds.c: 72: static void GpioInit( void ){
                                     77 ;	-----------------------------------------
                                     78 ;	 function GpioInit
                                     79 ;	-----------------------------------------
      000007                         80 _GpioInit:
                                     81 ;	../src/leds.c: 75: for(idx = 0; idx < NUM_OF_LEDS; idx++){
      000007 4F               [ 1]   82 	clr	a
      000008                         83 00102$:
                                     84 ;	../src/leds.c: 76: SetLedRaw(idx, LED_OFF_STATE);
      000008 88               [ 1]   85 	push	a
      000009 4B 00            [ 1]   86 	push	#0x00
      00000B 88               [ 1]   87 	push	a
      00000C CDr00r65         [ 4]   88 	call	_SetLedRaw
      00000F 85               [ 2]   89 	popw	x
      000010 84               [ 1]   90 	pop	a
                                     91 ;	../src/leds.c: 75: for(idx = 0; idx < NUM_OF_LEDS; idx++){
      000011 4C               [ 1]   92 	inc	a
      000012 A1 0C            [ 1]   93 	cp	a, #0x0c
      000014 25 F2            [ 1]   94 	jrc	00102$
                                     95 ;	../src/leds.c: 78: }
      000016 81               [ 4]   96 	ret
                                     97 ;	../src/leds.c: 95: void UpdateLedState( void )
                                     98 ;	-----------------------------------------
                                     99 ;	 function UpdateLedState
                                    100 ;	-----------------------------------------
      000017                        101 _UpdateLedState:
      000017 89               [ 2]  102 	pushw	x
                                    103 ;	../src/leds.c: 99: LED_STATE_T ledBit = (0x01 << ledId);
      000018 C6u00u02         [ 1]  104 	ld	a, _UpdateLedState_ledId_65536_325+0
      00001B 88               [ 1]  105 	push	a
      00001C 5F               [ 1]  106 	clrw	x
      00001D 5C               [ 1]  107 	incw	x
      00001E 4D               [ 1]  108 	tnz	a
      00001F 27 04            [ 1]  109 	jreq	00118$
      000021                        110 00117$:
      000021 58               [ 2]  111 	sllw	x
      000022 4A               [ 1]  112 	dec	a
      000023 26 FC            [ 1]  113 	jrne	00117$
      000025                        114 00118$:
      000025 84               [ 1]  115 	pop	a
      000026 1F 01            [ 2]  116 	ldw	(0x01, sp), x
                                    117 ;	../src/leds.c: 103: ledIdPrev = ledId;
      000028 C7u00u03         [ 1]  118 	ld	_UpdateLedState_ledIdPrev_65536_325+0, a
                                    119 ;	../src/leds.c: 104: ledId = (ledId == NUM_OF_LEDS-1)?0:(ledId+1);
      00002B C6u00u02         [ 1]  120 	ld	a, _UpdateLedState_ledId_65536_325+0
      00002E A1 0B            [ 1]  121 	cp	a, #0x0b
      000030 26 03            [ 1]  122 	jrne	00105$
      000032 4F               [ 1]  123 	clr	a
      000033 20 0A            [ 2]  124 	jra	00106$
      000035                        125 00105$:
      000035 C6u00u02         [ 1]  126 	ld	a, _UpdateLedState_ledId_65536_325+0
      000038 4C               [ 1]  127 	inc	a
      000039 88               [ 1]  128 	push	a
      00003A 49               [ 1]  129 	rlc	a
      00003B 4F               [ 1]  130 	clr	a
      00003C A2 00            [ 1]  131 	sbc	a, #0x00
      00003E 84               [ 1]  132 	pop	a
      00003F                        133 00106$:
      00003F C7u00u02         [ 1]  134 	ld	_UpdateLedState_ledId_65536_325+0, a
                                    135 ;	../src/leds.c: 106: SetLedRaw(ledIdPrev, LED_OFF_STATE);
      000042 4B 00            [ 1]  136 	push	#0x00
      000044 3Bu00u03         [ 1]  137 	push	_UpdateLedState_ledIdPrev_65536_325+0
      000047 CDr00r65         [ 4]  138 	call	_SetLedRaw
      00004A 85               [ 2]  139 	popw	x
                                    140 ;	../src/leds.c: 107: if(ledBit&ledsState){
      00004B 7B 02            [ 1]  141 	ld	a, (0x02, sp)
      00004D C4u00u01         [ 1]  142 	and	a, _ledsState+1
      000050 97               [ 1]  143 	ld	xl, a
      000051 7B 01            [ 1]  144 	ld	a, (0x01, sp)
      000053 C4u00u00         [ 1]  145 	and	a, _ledsState+0
      000056 95               [ 1]  146 	ld	xh, a
      000057 5D               [ 2]  147 	tnzw	x
      000058 27 09            [ 1]  148 	jreq	00103$
                                    149 ;	../src/leds.c: 108: SetLedRaw(ledId,LED_ON_STATE);
      00005A 4B 01            [ 1]  150 	push	#0x01
      00005C 3Bu00u02         [ 1]  151 	push	_UpdateLedState_ledId_65536_325+0
      00005F CDr00r65         [ 4]  152 	call	_SetLedRaw
      000062 85               [ 2]  153 	popw	x
      000063                        154 00103$:
                                    155 ;	../src/leds.c: 110: }
      000063 85               [ 2]  156 	popw	x
      000064 81               [ 4]  157 	ret
                                    158 ;	../src/leds.c: 130: void SetLedRaw(uint8_t ledId, uint8_t state){
                                    159 ;	-----------------------------------------
                                    160 ;	 function SetLedRaw
                                    161 ;	-----------------------------------------
      000065                        162 _SetLedRaw:
      000065 52 10            [ 2]  163 	sub	sp, #16
                                    164 ;	../src/leds.c: 132: ledId = ledId << 2;
      000067 7B 13            [ 1]  165 	ld	a, (0x13, sp)
      000069 48               [ 1]  166 	sll	a
      00006A 48               [ 1]  167 	sll	a
      00006B 6B 13            [ 1]  168 	ld	(0x13, sp), a
                                    169 ;	../src/leds.c: 134: GPIO_TypeDef * gpioPortPos = (GPIO_TypeDef * )leds_anode[ledId];
      00006D 5F               [ 1]  170 	clrw	x
      00006E 7B 13            [ 1]  171 	ld	a, (0x13, sp)
      000070 97               [ 1]  172 	ld	xl, a
      000071 58               [ 2]  173 	sllw	x
      000072 90 93            [ 1]  174 	ldw	y, x
      000074 DEu00u00         [ 2]  175 	ldw	x, (_leds_anode+0, x)
      000077 1F 02            [ 2]  176 	ldw	(0x02, sp), x
                                    177 ;	../src/leds.c: 135: GPIO_TypeDef * gpioPortNeg = (GPIO_TypeDef *) leds_cathode[ledId];
      000079 93               [ 1]  178 	ldw	x, y
      00007A 1Cr00r30         [ 2]  179 	addw	x, #(_leds_cathode+0)
      00007D FE               [ 2]  180 	ldw	x, (x)
      00007E 1F 04            [ 2]  181 	ldw	(0x04, sp), x
                                    182 ;	../src/leds.c: 136: ADDR_BANK_T gpioPinPos = leds_anode[ledId+1];
      000080 7B 13            [ 1]  183 	ld	a, (0x13, sp)
      000082 4C               [ 1]  184 	inc	a
      000083 97               [ 1]  185 	ld	xl, a
      000084 49               [ 1]  186 	rlc	a
      000085 4F               [ 1]  187 	clr	a
      000086 A2 00            [ 1]  188 	sbc	a, #0x00
      000088 95               [ 1]  189 	ld	xh, a
      000089 58               [ 2]  190 	sllw	x
      00008A 90 93            [ 1]  191 	ldw	y, x
      00008C 90 DEu00u00      [ 2]  192 	ldw	y, (_leds_anode+0, y)
                                    193 ;	../src/leds.c: 137: ADDR_BANK_T gpioPinNeg = leds_cathode[ledId+1];
      000090 DEu00u30         [ 2]  194 	ldw	x, (_leds_cathode+0, x)
      000093 1F 0F            [ 2]  195 	ldw	(0x0f, sp), x
                                    196 ;	../src/leds.c: 141: gpioPortPos->ODR |= (gpioPinPos);
      000095 1E 02            [ 2]  197 	ldw	x, (0x02, sp)
      000097 F6               [ 1]  198 	ld	a, (x)
      000098 6B 06            [ 1]  199 	ld	(0x06, sp), a
                                    200 ;	../src/leds.c: 142: gpioPortNeg->ODR &= ~(gpioPinNeg);
      00009A 7B 10            [ 1]  201 	ld	a, (0x10, sp)
      00009C 6B 01            [ 1]  202 	ld	(0x01, sp), a
                                    203 ;	../src/leds.c: 144: gpioPortPos->DDR |= gpioPinPos;
      00009E 1E 02            [ 2]  204 	ldw	x, (0x02, sp)
      0000A0 5C               [ 1]  205 	incw	x
      0000A1 5C               [ 1]  206 	incw	x
      0000A2 1F 07            [ 2]  207 	ldw	(0x07, sp), x
                                    208 ;	../src/leds.c: 145: gpioPortNeg->DDR |= gpioPinNeg;
      0000A4 1E 04            [ 2]  209 	ldw	x, (0x04, sp)
      0000A6 5C               [ 1]  210 	incw	x
      0000A7 5C               [ 1]  211 	incw	x
      0000A8 1F 09            [ 2]  212 	ldw	(0x09, sp), x
                                    213 ;	../src/leds.c: 146: gpioPortPos->CR1 |= gpioPinPos;
      0000AA 1E 02            [ 2]  214 	ldw	x, (0x02, sp)
      0000AC 1C 00 03         [ 2]  215 	addw	x, #0x0003
      0000AF 1F 0B            [ 2]  216 	ldw	(0x0b, sp), x
                                    217 ;	../src/leds.c: 147: gpioPortNeg->CR1 |= gpioPinNeg;
      0000B1 1E 04            [ 2]  218 	ldw	x, (0x04, sp)
      0000B3 1C 00 03         [ 2]  219 	addw	x, #0x0003
      0000B6 1F 0D            [ 2]  220 	ldw	(0x0d, sp), x
                                    221 ;	../src/leds.c: 141: gpioPortPos->ODR |= (gpioPinPos);
      0000B8 61               [ 1]  222 	exg	a, yl
      0000B9 6B 10            [ 1]  223 	ld	(0x10, sp), a
      0000BB 61               [ 1]  224 	exg	a, yl
                                    225 ;	../src/leds.c: 142: gpioPortNeg->ODR &= ~(gpioPinNeg);
      0000BC 7B 01            [ 1]  226 	ld	a, (0x01, sp)
      0000BE 43               [ 1]  227 	cpl	a
      0000BF 6B 0F            [ 1]  228 	ld	(0x0f, sp), a
                                    229 ;	../src/leds.c: 139: if(state) //turn on
      0000C1 0D 14            [ 1]  230 	tnz	(0x14, sp)
      0000C3 27 31            [ 1]  231 	jreq	00102$
                                    232 ;	../src/leds.c: 141: gpioPortPos->ODR |= (gpioPinPos);
      0000C5 7B 06            [ 1]  233 	ld	a, (0x06, sp)
      0000C7 1A 10            [ 1]  234 	or	a, (0x10, sp)
      0000C9 1E 02            [ 2]  235 	ldw	x, (0x02, sp)
      0000CB F7               [ 1]  236 	ld	(x), a
                                    237 ;	../src/leds.c: 142: gpioPortNeg->ODR &= ~(gpioPinNeg);
      0000CC 1E 04            [ 2]  238 	ldw	x, (0x04, sp)
      0000CE F6               [ 1]  239 	ld	a, (x)
      0000CF 14 0F            [ 1]  240 	and	a, (0x0f, sp)
      0000D1 1E 04            [ 2]  241 	ldw	x, (0x04, sp)
      0000D3 F7               [ 1]  242 	ld	(x), a
                                    243 ;	../src/leds.c: 144: gpioPortPos->DDR |= gpioPinPos;
      0000D4 1E 07            [ 2]  244 	ldw	x, (0x07, sp)
      0000D6 F6               [ 1]  245 	ld	a, (x)
      0000D7 1A 10            [ 1]  246 	or	a, (0x10, sp)
      0000D9 1E 07            [ 2]  247 	ldw	x, (0x07, sp)
      0000DB F7               [ 1]  248 	ld	(x), a
                                    249 ;	../src/leds.c: 145: gpioPortNeg->DDR |= gpioPinNeg;
      0000DC 1E 09            [ 2]  250 	ldw	x, (0x09, sp)
      0000DE F6               [ 1]  251 	ld	a, (x)
      0000DF 1A 01            [ 1]  252 	or	a, (0x01, sp)
      0000E1 1E 09            [ 2]  253 	ldw	x, (0x09, sp)
      0000E3 F7               [ 1]  254 	ld	(x), a
                                    255 ;	../src/leds.c: 146: gpioPortPos->CR1 |= gpioPinPos;
      0000E4 1E 0B            [ 2]  256 	ldw	x, (0x0b, sp)
      0000E6 F6               [ 1]  257 	ld	a, (x)
      0000E7 1A 10            [ 1]  258 	or	a, (0x10, sp)
      0000E9 1E 0B            [ 2]  259 	ldw	x, (0x0b, sp)
      0000EB F7               [ 1]  260 	ld	(x), a
                                    261 ;	../src/leds.c: 147: gpioPortNeg->CR1 |= gpioPinNeg;
      0000EC 1E 0D            [ 2]  262 	ldw	x, (0x0d, sp)
      0000EE F6               [ 1]  263 	ld	a, (x)
      0000EF 1A 01            [ 1]  264 	or	a, (0x01, sp)
      0000F1 1E 0D            [ 2]  265 	ldw	x, (0x0d, sp)
      0000F3 F7               [ 1]  266 	ld	(x), a
      0000F4 20 31            [ 2]  267 	jra	00104$
      0000F6                        268 00102$:
                                    269 ;	../src/leds.c: 151: gpioPortPos->ODR &= ~(gpioPinPos);
      0000F6 03 10            [ 1]  270 	cpl	(0x10, sp)
      0000F8 7B 06            [ 1]  271 	ld	a, (0x06, sp)
      0000FA 14 10            [ 1]  272 	and	a, (0x10, sp)
      0000FC 1E 02            [ 2]  273 	ldw	x, (0x02, sp)
      0000FE F7               [ 1]  274 	ld	(x), a
                                    275 ;	../src/leds.c: 152: gpioPortNeg->ODR &= ~(gpioPinNeg);
      0000FF 1E 04            [ 2]  276 	ldw	x, (0x04, sp)
      000101 F6               [ 1]  277 	ld	a, (x)
      000102 14 0F            [ 1]  278 	and	a, (0x0f, sp)
      000104 1E 04            [ 2]  279 	ldw	x, (0x04, sp)
      000106 F7               [ 1]  280 	ld	(x), a
                                    281 ;	../src/leds.c: 153: gpioPortPos->DDR &= ~gpioPinPos;
      000107 1E 07            [ 2]  282 	ldw	x, (0x07, sp)
      000109 F6               [ 1]  283 	ld	a, (x)
      00010A 14 10            [ 1]  284 	and	a, (0x10, sp)
      00010C 1E 07            [ 2]  285 	ldw	x, (0x07, sp)
      00010E F7               [ 1]  286 	ld	(x), a
                                    287 ;	../src/leds.c: 154: gpioPortNeg->DDR &= ~gpioPinNeg;
      00010F 1E 09            [ 2]  288 	ldw	x, (0x09, sp)
      000111 F6               [ 1]  289 	ld	a, (x)
      000112 14 0F            [ 1]  290 	and	a, (0x0f, sp)
      000114 1E 09            [ 2]  291 	ldw	x, (0x09, sp)
      000116 F7               [ 1]  292 	ld	(x), a
                                    293 ;	../src/leds.c: 155: gpioPortPos->CR1 &= ~gpioPinPos;
      000117 1E 0B            [ 2]  294 	ldw	x, (0x0b, sp)
      000119 F6               [ 1]  295 	ld	a, (x)
      00011A 14 10            [ 1]  296 	and	a, (0x10, sp)
      00011C 1E 0B            [ 2]  297 	ldw	x, (0x0b, sp)
      00011E F7               [ 1]  298 	ld	(x), a
                                    299 ;	../src/leds.c: 156: gpioPortNeg->CR1 &= ~gpioPinNeg;
      00011F 1E 0D            [ 2]  300 	ldw	x, (0x0d, sp)
      000121 F6               [ 1]  301 	ld	a, (x)
      000122 14 0F            [ 1]  302 	and	a, (0x0f, sp)
      000124 1E 0D            [ 2]  303 	ldw	x, (0x0d, sp)
      000126 F7               [ 1]  304 	ld	(x), a
      000127                        305 00104$:
                                    306 ;	../src/leds.c: 158: }
      000127 5B 10            [ 2]  307 	addw	sp, #16
      000129 81               [ 4]  308 	ret
                                    309 ;	../src/leds.c: 161: uint8_t GetLedState(uint8_t ledID)
                                    310 ;	-----------------------------------------
                                    311 ;	 function GetLedState
                                    312 ;	-----------------------------------------
      00012A                        313 _GetLedState:
      00012A 89               [ 2]  314 	pushw	x
                                    315 ;	../src/leds.c: 163: return (ledsState & (1 << ledID))?1:0;
      00012B 7B 05            [ 1]  316 	ld	a, (0x05, sp)
      00012D 5F               [ 1]  317 	clrw	x
      00012E 5C               [ 1]  318 	incw	x
      00012F 4D               [ 1]  319 	tnz	a
      000130 27 04            [ 1]  320 	jreq	00111$
      000132                        321 00110$:
      000132 58               [ 2]  322 	sllw	x
      000133 4A               [ 1]  323 	dec	a
      000134 26 FC            [ 1]  324 	jrne	00110$
      000136                        325 00111$:
      000136 90 CEu00u00      [ 2]  326 	ldw	y, _ledsState+0
      00013A 17 01            [ 2]  327 	ldw	(0x01, sp), y
      00013C 9F               [ 1]  328 	ld	a, xl
      00013D 14 02            [ 1]  329 	and	a, (0x02, sp)
      00013F 02               [ 1]  330 	rlwa	x
      000140 14 01            [ 1]  331 	and	a, (0x01, sp)
      000142 95               [ 1]  332 	ld	xh, a
      000143 5D               [ 2]  333 	tnzw	x
      000144 27 03            [ 1]  334 	jreq	00103$
      000146 5F               [ 1]  335 	clrw	x
      000147 5C               [ 1]  336 	incw	x
      000148 21                     337 	.byte 0x21
      000149                        338 00103$:
      000149 5F               [ 1]  339 	clrw	x
      00014A                        340 00104$:
      00014A 9F               [ 1]  341 	ld	a, xl
                                    342 ;	../src/leds.c: 164: }
      00014B 85               [ 2]  343 	popw	x
      00014C 81               [ 4]  344 	ret
                                    345 ;	../src/leds.c: 167: void SetLedState(uint8_t ledID, uint8_t state)
                                    346 ;	-----------------------------------------
                                    347 ;	 function SetLedState
                                    348 ;	-----------------------------------------
      00014D                        349 _SetLedState:
      00014D 89               [ 2]  350 	pushw	x
                                    351 ;	../src/leds.c: 169: if(state) ledsState |= (1 << ledID);
      00014E 7B 05            [ 1]  352 	ld	a, (0x05, sp)
      000150 CEu00u00         [ 2]  353 	ldw	x, _ledsState+0
      000153 1F 01            [ 2]  354 	ldw	(0x01, sp), x
      000155 5F               [ 1]  355 	clrw	x
      000156 5C               [ 1]  356 	incw	x
      000157 4D               [ 1]  357 	tnz	a
      000158 27 04            [ 1]  358 	jreq	00112$
      00015A                        359 00111$:
      00015A 58               [ 2]  360 	sllw	x
      00015B 4A               [ 1]  361 	dec	a
      00015C 26 FC            [ 1]  362 	jrne	00111$
      00015E                        363 00112$:
      00015E 0D 06            [ 1]  364 	tnz	(0x06, sp)
      000160 27 0C            [ 1]  365 	jreq	00102$
      000162 9F               [ 1]  366 	ld	a, xl
      000163 1A 02            [ 1]  367 	or	a, (0x02, sp)
      000165 02               [ 1]  368 	rlwa	x
      000166 1A 01            [ 1]  369 	or	a, (0x01, sp)
      000168 95               [ 1]  370 	ld	xh, a
      000169 CFu00u00         [ 2]  371 	ldw	_ledsState+0, x
      00016C 20 0B            [ 2]  372 	jra	00104$
      00016E                        373 00102$:
                                    374 ;	../src/leds.c: 170: else ledsState &= ~(1 << ledID); 
      00016E 53               [ 2]  375 	cplw	x
      00016F 9F               [ 1]  376 	ld	a, xl
      000170 14 02            [ 1]  377 	and	a, (0x02, sp)
      000172 02               [ 1]  378 	rlwa	x
      000173 14 01            [ 1]  379 	and	a, (0x01, sp)
      000175 95               [ 1]  380 	ld	xh, a
      000176 CFu00u00         [ 2]  381 	ldw	_ledsState+0, x
      000179                        382 00104$:
                                    383 ;	../src/leds.c: 171: }
      000179 85               [ 2]  384 	popw	x
      00017A 81               [ 4]  385 	ret
                                    386 	.area CODE
                                    387 	.area CONST
      000000                        388 _leds_anode:
      000000 50 00                  389 	.dw #0x5000
      000002 00 08                  390 	.dw #0x0008
      000004 50 0A                  391 	.dw #0x500a
      000006 00 08                  392 	.dw #0x0008
      000008 50 00                  393 	.dw #0x5000
      00000A 00 08                  394 	.dw #0x0008
      00000C 50 05                  395 	.dw #0x5005
      00000E 00 10                  396 	.dw #0x0010
      000010 50 0A                  397 	.dw #0x500a
      000012 00 08                  398 	.dw #0x0008
      000014 50 05                  399 	.dw #0x5005
      000016 00 10                  400 	.dw #0x0010
      000018 50 05                  401 	.dw #0x5005
      00001A 00 20                  402 	.dw #0x0020
      00001C 50 00                  403 	.dw #0x5000
      00001E 00 08                  404 	.dw #0x0008
      000020 50 05                  405 	.dw #0x5005
      000022 00 20                  406 	.dw #0x0020
      000024 50 0A                  407 	.dw #0x500a
      000026 00 08                  408 	.dw #0x0008
      000028 50 05                  409 	.dw #0x5005
      00002A 00 10                  410 	.dw #0x0010
      00002C 50 05                  411 	.dw #0x5005
      00002E 00 20                  412 	.dw #0x0020
      000030                        413 _leds_cathode:
      000030 50 0A                  414 	.dw #0x500a
      000032 00 08                  415 	.dw #0x0008
      000034 50 00                  416 	.dw #0x5000
      000036 00 08                  417 	.dw #0x0008
      000038 50 05                  418 	.dw #0x5005
      00003A 00 10                  419 	.dw #0x0010
      00003C 50 00                  420 	.dw #0x5000
      00003E 00 08                  421 	.dw #0x0008
      000040 50 05                  422 	.dw #0x5005
      000042 00 10                  423 	.dw #0x0010
      000044 50 0A                  424 	.dw #0x500a
      000046 00 08                  425 	.dw #0x0008
      000048 50 00                  426 	.dw #0x5000
      00004A 00 08                  427 	.dw #0x0008
      00004C 50 05                  428 	.dw #0x5005
      00004E 00 20                  429 	.dw #0x0020
      000050 50 0A                  430 	.dw #0x500a
      000052 00 08                  431 	.dw #0x0008
      000054 50 05                  432 	.dw #0x5005
      000056 00 20                  433 	.dw #0x0020
      000058 50 05                  434 	.dw #0x5005
      00005A 00 20                  435 	.dw #0x0020
      00005C 50 05                  436 	.dw #0x5005
      00005E 00 10                  437 	.dw #0x0010
                                    438 	.area INITIALIZER
                                    439 	.area CABS (ABS)
