ASxxxx Linker V03.00 + NoICE + sdld,  page 1.
Hexadecimal  [32-Bits]

Area                                    Addr        Size        Decimal Bytes (Attributes)
--------------------------------        ----        ----        ------- ----- ------------
.  .ABS.                            00000000    00000000 =           0. bytes (ABS,CON)

      Value  Global                              Global Defined In Module
      -----  --------------------------------   ------------------------
     00000000  .__.ABS.                           
     00000000  l_CABS                          
     00000000  l_DABS                          
     00000000  l__CODE                         
     00000000  s_CABS                          
     00000000  s_DABS                          
     00000000  s__CODE                         
     00000001  l_SSEG                          
     00000001  s_DATA                          
     00000003  l_GSFINAL                       
     00000007  l_INITIALIZED                   
     00000007  l_INITIALIZER                   
     00000030  l_GSINIT                        
     00000064  l_CONST                         
     0000006F  l_HOME                          
     00000262  l_DATA                          
     00000263  s_INITIALIZED                   
     0000026A  s_SSEG                          
     00001FDA  l_CODE                          
     00008000  s_HOME                          
     0000806F  s_GSINIT                        
     0000809F  s_GSFINAL                       
     000080A2  s_CONST                         
     00008106  s_INITIALIZER                   
     0000810D  s_CODE                          

ASxxxx Linker V03.00 + NoICE + sdld,  page 2.
Hexadecimal  [32-Bits]

Area                                    Addr        Size        Decimal Bytes (Attributes)
--------------------------------        ----        ----        ------- ----- ------------
DATA                                00000001    00000262 =         610. bytes (REL,CON)

      Value  Global                              Global Defined In Module
      -----  --------------------------------   ------------------------
     00000001  Fmain$cfg$0_0$0                    main
     0000000E  G$loggerCfg$0_0$0                  main
     0000000E  _loggerCfg                         main
     0000001D  Ldiskio.disk_writep$byteLeft$1_0   diskio
     00000021  G$sysTick$0_0$0                    dly
     00000021  _sysTick                           dly
     00000025  G$led_ticks$0_0$0                  led_matrix
     00000025  _led_ticks                         led_matrix
     00000055  Fleds$ledsState$0_0$0              leds
     00000057  Lleds.UpdateLedState$ledId$1_0$3   leds
     00000058  Lleds.UpdateLedState$ledIdPrev$1   leds
     00000059  G$buffer_rdy$0_0$0                 adc
     00000059  _buffer_rdy                        adc
     0000005A  G$adcBuffer0$0_0$0                 adc
     0000005A  _adcBuffer0                        adc
     0000015A  G$adcBuffer1$0_0$0                 adc
     0000015A  _adcBuffer1                        adc
     0000025A  Fadc$cnter$0_0$0                   adc
     0000025C  Fadc$pCurrBuffer$0_0$0             adc
     0000025E  Fadc$pCurrByte$0_0$0               adc
     00000260  Ladc.NextChannel$cntForChannel$1   adc
     00000261  Fpff$FatFs$0_0$0                   pff

ASxxxx Linker V03.00 + NoICE + sdld,  page 3.
Hexadecimal  [32-Bits]

Area                                    Addr        Size        Decimal Bytes (Attributes)
--------------------------------        ----        ----        ------- ----- ------------
INITIALIZED                         00000263    00000007 =           7. bytes (REL,CON)

      Value  Global                              Global Defined In Module
      -----  --------------------------------   ------------------------
     00000263  Fmain$blkCnt$0_0$0                 main
     00000264  Fmain$fileBlkCnt$0_0$0             main
     00000268  Fmain$fileNoCnt$0_0$0              main
ASxxxx Linker V03.00 + NoICE + sdld,  page 4.
Hexadecimal  [32-Bits]

Area                                    Addr        Size        Decimal Bytes (Attributes)
--------------------------------        ----        ----        ------- ----- ------------
SSEG                                0000026A    00000001 =           1. bytes (REL,CON)

      Value  Global                              Global Defined In Module
      -----  --------------------------------   ------------------------
ASxxxx Linker V03.00 + NoICE + sdld,  page 5.
Hexadecimal  [32-Bits]

Area                                    Addr        Size        Decimal Bytes (Attributes)
--------------------------------        ----        ----        ------- ----- ------------
HOME                                00008000    0000006F =         111. bytes (REL,CON)

      Value  Global                              Global Defined In Module
      -----  --------------------------------   ------------------------
     00008000  A$main$71                          main
     00008004  A$main$72                          main
     00008008  A$main$73                          main
     0000800C  A$main$74                          main
     00008010  A$main$75                          main
     00008014  A$main$76                          main
     00008018  A$main$77                          main
     0000801C  A$main$78                          main
     00008020  A$main$79                          main
     00008024  A$main$80                          main
     00008028  A$main$81                          main
     0000802C  A$main$82                          main
     00008030  A$main$83                          main
     00008034  A$main$84                          main
     00008038  A$main$85                          main
     0000803C  A$main$86                          main
     00008040  A$main$87                          main
     00008044  A$main$88                          main
     00008048  A$main$89                          main
     0000804C  A$main$90                          main
     00008050  A$main$91                          main
     00008054  A$main$92                          main
     00008058  A$main$93                          main
     0000805C  A$main$94                          main
     00008060  A$main$95                          main
     00008064  A$main$96                          main
     00008068  A$main$97                          main
     0000806C  A$main$131                         main

ASxxxx Linker V03.00 + NoICE + sdld,  page 6.
Hexadecimal  [32-Bits]

Area                                    Addr        Size        Decimal Bytes (Attributes)
--------------------------------        ----        ----        ------- ----- ------------
GSINIT                              0000806F    00000030 =          48. bytes (REL,CON)

      Value  Global                              Global Defined In Module
      -----  --------------------------------   ------------------------
     0000806F  A$main$107                         main
     00008072  A$main$108                         main
     00008074  A$main$110                         main
     00008078  A$main$111                         main
     00008079  A$main$112                         main
     0000807B  A$main$114                         main
     0000807E  A$main$115                         main
     00008080  A$main$117                         main
     00008083  A$main$118                         main
     00008086  A$main$119                         main
     00008087  A$main$120                         main
     00008089  A$diskio$57                        diskio
     00008089  C$diskio.c$95$1_0$355              diskio
     0000808C  A$diskio$58                        diskio
     0000808F  A$diskio$59                        diskio
     00008090  A$diskio$60                        diskio
     00008093  A$leds$59                          leds
     00008093  C$leds.c$97$1_0$325                leds
     00008097  A$leds$63                          leds
     00008097  C$leds.c$98$1_0$325                leds
     0000809B  A$adc$69                           adc
     0000809B  C$adc.c$157$2_0$330                adc

ASxxxx Linker V03.00 + NoICE + sdld,  page 7.
Hexadecimal  [32-Bits]

Area                                    Addr        Size        Decimal Bytes (Attributes)
--------------------------------        ----        ----        ------- ----- ------------
GSFINAL                             0000809F    00000003 =           3. bytes (REL,CON)

      Value  Global                              Global Defined In Module
      -----  --------------------------------   ------------------------
     0000809F  A$main$124                         main

ASxxxx Linker V03.00 + NoICE + sdld,  page 8.
Hexadecimal  [32-Bits]

Area                                    Addr        Size        Decimal Bytes (Attributes)
--------------------------------        ----        ----        ------- ----- ------------
CONST                               000080A2    00000064 =         100. bytes (REL,CON)

      Value  Global                              Global Defined In Module
      -----  --------------------------------   ------------------------
     000080A2  Fmain$__str_0$0_0$0                main
     000080A6  G$leds_anode$0_0$0                 leds
     000080A6  _leds_anode                        leds
     000080D6  G$leds_cathode$0_0$0               leds
     000080D6  _leds_cathode                      leds

ASxxxx Linker V03.00 + NoICE + sdld,  page 9.
Hexadecimal  [32-Bits]

Area                                    Addr        Size        Decimal Bytes (Attributes)
--------------------------------        ----        ----        ------- ----- ------------
INITIALIZER                         00008106    00000007 =           7. bytes (REL,CON)

      Value  Global                              Global Defined In Module
      -----  --------------------------------   ------------------------
     00008106  Fmain$__xinit_blkCnt$0_0$0         main
     00008107  Fmain$__xinit_fileBlkCnt$0_0$0     main
     0000810B  Fmain$__xinit_fileNoCnt$0_0$0      main
ASxxxx Linker V03.00 + NoICE + sdld,  page 10.
Hexadecimal  [32-Bits]

Area                                    Addr        Size        Decimal Bytes (Attributes)
--------------------------------        ----        ----        ------- ----- ------------
CODE                                0000810D    00001FDA =        8154. bytes (REL,CON)

      Value  Global                              Global Defined In Module
      -----  --------------------------------   ------------------------
     0000810D  A$main$147                         main
     0000810D  C$main.c$100$0_0$355               main
     0000810D  G$main$0$0                         main
     0000810D  _main                              main
     0000810F  A$main$151                         main
     0000810F  C$main.c$110$1_0$355               main
     00008112  A$main$155                         main
     00008112  C$main.c$111$1_0$355               main
     00008115  A$main$159                         main
     00008115  C$main.c$112$1_0$355               main
     00008118  A$main$163                         main
     00008118  C$main.c$115$1_0$355               main
     00008119  A$main$167                         main
     00008119  C$main.c$117$1_0$355               main
     0000811B  A$main$169                         main
     0000811D  A$main$171                         main
     00008120  A$main$172                         main
     00008121  A$main$176                         main
     00008121  C$main.c$118$1_0$355               main
     00008123  A$main$177                         main
     00008125  A$main$178                         main
     00008126  A$main$179                         main
     00008127  A$main$181                         main
     0000812A  A$main$182                         main
     0000812C  A$main$188                         main
     0000812C  C$main.c$124$1_0$355               main
     0000812D  A$main$189                         main
     00008130  A$main$190                         main
     00008131  A$main$192                         main
     00008134  A$main$193                         main
     00008135  A$main$195                         main
     00008137  A$main$201                         main
     00008137  C$main.c$125$1_0$355               main
     00008139  A$main$202                         main
     0000813B  A$main$204                         main
     0000813E  A$main$205                         main
     0000813F  A$main$207                         main
     00008141  A$main$208                         main
     00008143  A$main$216                         main
     00008143  C$main.c$126$1_0$355               main
     00008144  A$main$217                         main
     00008145  A$main$218                         main
     00008146  A$main$220                         main
     00008148  A$main$221                         main
     0000814A  A$main$223                         main
     0000814C  A$main$224                         main
     0000814E  A$main$226                         main
     00008151  A$main$227                         main
     00008153  A$main$229                         main
     00008155  A$main$230                         main
ASxxxx Linker V03.00 + NoICE + sdld,  page 11.
Hexadecimal  [32-Bits]

Area                                    Addr        Size        Decimal Bytes (Attributes)
--------------------------------        ----        ----        ------- ----- ------------
CODE                                0000810D    00001FDA =        8154. bytes (REL,CON)

      Value  Global                              Global Defined In Module
      -----  --------------------------------   ------------------------
     00008157  A$main$238                         main
     00008157  C$main.c$128$1_0$355               main
     00008159  A$main$239                         main
     0000815B  A$main$241                         main
     0000815D  A$main$242                         main
     0000815F  A$main$244                         main
     00008162  A$main$245                         main
     00008164  A$main$246                         main
     00008165  A$main$250                         main
     00008167  A$main$252                         main
     00008169  A$main$256                         main
     00008169  C$main.c$130$1_0$355               main
     0000816B  A$main$257                         main
     0000816D  A$main$258                         main
     00008170  A$main$264                         main
     00008170  C$main.c$132$2_0$356               main
     00008173  A$main$266                         main
     00008175  A$main$267                         main
     00008178  A$main$268                         main
     0000817A  A$main$270                         main
     0000817E  A$main$271                         main
     00008181  A$main$276                         main
     00008181  C$main.c$133$2_0$356               main
     00008184  A$main$278                         main
     00008187  A$main$282                         main
     00008187  C$main.c$134$2_0$356               main
     00008189  A$main$284                         main
     0000818B  A$main$286                         main
     0000818E  A$main$287                         main
     0000818F  A$main$291                         main
     0000818F  C$main.c$136$2_0$356               main
     00008192  A$main$295                         main
     00008193  A$main$297                         main
     00008196  A$main$298                         main
     00008197  A$main$300                         main
     00008199  A$main$304                         main
     00008199  C$main.c$138$2_0$356               main
     0000819A  A$main$305                         main
     0000819C  A$main$306                         main
     0000819F  A$main$312                         main
     0000819F  C$main.c$141$3_0$357               main
     000081A1  A$main$317                         main
     000081A1  C$main.c$142$3_0$357               main
     000081A3  A$main$319                         main
     000081A6  A$main$326                         main
     000081A6  C$main.c$145$3_0$358               main
     000081A8  A$main$327                         main
     000081AA  A$main$332                         main
     000081AA  C$main.c$146$3_0$358               main
     000081AC  A$main$333                         main
     000081AE  A$main$337                         main
ASxxxx Linker V03.00 + NoICE + sdld,  page 12.
Hexadecimal  [32-Bits]

Area                                    Addr        Size        Decimal Bytes (Attributes)
--------------------------------        ----        ----        ------- ----- ------------
CODE                                0000810D    00001FDA =        8154. bytes (REL,CON)

      Value  Global                              Global Defined In Module
      -----  --------------------------------   ------------------------
     000081AE  C$main.c$147$3_0$358               main
     000081B0  A$main$339                         main
     000081B2  A$main$341                         main
     000081B5  A$main$342                         main
     000081B6  A$main$348                         main
     000081B6  C$main.c$150$2_0$356               main
     000081B7  A$main$352                         main
     000081B7  C$main.c$151$2_0$356               main
     000081BA  A$main$356                         main
     000081BA  C$main.c$153$2_0$356               main
     000081BB  A$main$358                         main
     000081BE  A$main$365                         main
     000081BE  C$main.c$156$2_0$359               main
     000081C0  A$main$366                         main
     000081C2  A$main$371                         main
     000081C2  C$main.c$157$2_0$359               main
     000081C4  A$main$372                         main
     000081C6  A$main$378                         main
     000081C6  C$main.c$159$1_0$355               main
     000081C8  A$main$380                         main
     000081CA  A$main$382                         main
     000081CD  A$main$383                         main
     000081CE  A$main$392                         main
     000081CE  C$main.c$161$2_0$360               main
     000081D1  A$main$393                         main
     000081D3  A$main$395                         main
     000081D5  A$main$396                         main
     000081D7  A$main$402                         main
     000081D7  C$main.c$166$2_0$360               main
     000081D9  A$main$405                         main
     000081DB  A$main$406                         main
     000081DD  A$main$407                         main
     000081E0  A$main$411                         main
     000081E1  A$main$412                         main
     000081E2  A$main$413                         main
     000081E3  A$main$414                         main
     000081E6  A$main$415                         main
     000081F5  A$main$431                         main
     000081F5  C$main.c$167$3_0$361               main
     000081F5  C$main.c$170$3_0$361               main
     000081F8  A$main$432                         main
     000081FA  A$main$433                         main
     000081FC  A$main$434                         main
     000081FF  A$main$436                         main
     00008202  A$main$442                         main
     00008202  C$main.c$173$4_0$362               main
     00008204  A$main$443                         main
     00008206  A$main$447                         main
     00008206  C$main.c$174$4_0$362               main
     00008207  A$main$448                         main
     0000820A  A$main$449                         main
ASxxxx Linker V03.00 + NoICE + sdld,  page 13.
Hexadecimal  [32-Bits]

Area                                    Addr        Size        Decimal Bytes (Attributes)
--------------------------------        ----        ----        ------- ----- ------------
CODE                                0000810D    00001FDA =        8154. bytes (REL,CON)

      Value  Global                              Global Defined In Module
      -----  --------------------------------   ------------------------
     0000820B  A$main$451                         main
     0000820C  A$main$452                         main
     0000820E  A$main$453                         main
     0000820F  A$main$455                         main
     00008212  A$main$461                         main
     00008212  C$main.c$175$3_0$361               main
     00008215  A$main$462                         main
     00008216  A$main$463                         main
     00008218  A$main$464                         main
     0000821B  A$main$466                         main
     0000821E  A$main$472                         main
     0000821E  C$main.c$177$4_0$363               main
     00008220  A$main$473                         main
     00008222  A$main$475                         main
     00008225  A$main$481                         main
     00008225  C$main.c$178$3_0$361               main
     00008228  A$main$482                         main
     0000822A  A$main$483                         main
     0000822C  A$main$484                         main
     0000822F  A$main$486                         main
     00008232  A$main$492                         main
     00008232  C$main.c$180$4_0$364               main
     00008234  A$main$493                         main
     00008236  A$main$497                         main
     00008236  C$main.c$182$3_0$361               main
     00008239  A$main$506                         main
     00008239  C$main.c$184$3_0$361               main
     00008239  C$main.c$186$3_0$361               main
     0000823A  A$main$507                         main
     0000823D  A$main$508                         main
     0000823E  A$main$510                         main
     00008241  A$main$511                         main
     00008242  A$main$515                         main
     00008242  C$main.c$187$3_0$361               main
     00008245  A$main$523                         main
     00008245  C$main.c$188$3_0$361               main
     00008245  C$main.c$189$3_0$361               main
     00008248  A$main$524                         main
     0000824A  A$main$525                         main
     0000824D  A$main$526                         main
     0000824F  A$main$528                         main
     00008253  A$main$529                         main
     00008256  A$main$533                         main
     00008256  C$main.c$191$3_0$361               main
     00008259  A$main$534                         main
     0000825A  A$main$536                         main
     0000825D  A$main$538                         main
     00008260  A$main$539                         main
     00008262  A$main$540                         main
     00008265  A$main$546                         main
     00008265  C$main.c$193$4_0$365               main
ASxxxx Linker V03.00 + NoICE + sdld,  page 14.
Hexadecimal  [32-Bits]

Area                                    Addr        Size        Decimal Bytes (Attributes)
--------------------------------        ----        ----        ------- ----- ------------
CODE                                0000810D    00001FDA =        8154. bytes (REL,CON)

      Value  Global                              Global Defined In Module
      -----  --------------------------------   ------------------------
     00008267  A$main$548                         main
     00008268  A$main$550                         main
     0000826B  A$main$551                         main
     0000826C  A$main$556                         main
     0000826C  C$main.c$195$4_0$365               main
     0000826E  A$main$558                         main
     0000826F  A$main$560                         main
     00008272  A$main$561                         main
     00008273  A$main$566                         main
     00008273  C$main.c$196$4_0$365               main
     00008274  A$main$567                         main
     00008276  A$main$568                         main
     00008279  A$main$573                         main
     00008279  C$main.c$197$5_0$366               main
     0000827B  A$main$574                         main
     0000827D  A$main$576                         main
     00008280  A$main$582                         main
     00008280  C$main.c$200$5_0$367               main
     00008282  A$main$584                         main
     00008285  A$main$590                         main
     00008285  C$main.c$206$4_0$368               main
     00008287  A$main$591                         main
     00008289  A$main$595                         main
     00008289  C$main.c$209$3_0$361               main
     0000828C  A$main$603                         main
     0000828C  C$main.c$211$3_0$361               main
     0000828C  C$main.c$212$3_0$361               main
     0000828E  A$main$605                         main
     00008290  A$main$607                         main
     00008293  A$main$608                         main
     00008294  A$main$614                         main
     00008294  C$main.c$213$3_0$361               main
     00008297  A$main$622                         main
     00008297  C$main.c$214$3_0$361               main
     00008297  C$main.c$215$3_0$361               main
     00008299  A$main$624                         main
     0000829B  A$main$626                         main
     0000829E  A$main$627                         main
     0000829F  A$main$633                         main
     0000829F  C$main.c$216$3_0$361               main
     000082A2  A$main$641                         main
     000082A2  C$main.c$221$1_0$355               main
     000082A4  A$main$644                         main
     000082A4  C$main.c$223$1_0$355               main
     000082A4  XG$main$0$0                        main
     000082A5  A$main$655                         main
     000082A5  C$main.c$236$1_0$370               main
     000082A5  Fmain$Wr2SD$0$0                    main
     000082A7  A$main$659                         main
     000082A9  A$main$661                         main
     000082AA  A$main$663                         main
ASxxxx Linker V03.00 + NoICE + sdld,  page 15.
Hexadecimal  [32-Bits]

Area                                    Addr        Size        Decimal Bytes (Attributes)
--------------------------------        ----        ----        ------- ----- ------------
CODE                                0000810D    00001FDA =        8154. bytes (REL,CON)

      Value  Global                              Global Defined In Module
      -----  --------------------------------   ------------------------
     000082AB  A$main$664                         main
     000082AD  A$main$665                         main
     000082B0  A$main$667                         main
     000082B3  A$main$673                         main
     000082B3  C$main.c$244$2_0$371               main
     000082B7  A$main$678                         main
     000082B8  A$main$680                         main
     000082BB  A$main$688                         main
     000082BB  C$main.c$246$2_0$372               main
     000082BF  A$main$690                         main
     000082C1  A$main$691                         main
     000082C2  A$main$699                         main
     000082C2  C$main.c$248$1_0$370               main
     000082C4  A$main$700                         main
     000082C5  A$main$701                         main
     000082C6  A$main$702                         main
     000082C7  A$main$703                         main
     000082C9  A$main$705                         main
     000082CB  A$main$706                         main
     000082CC  A$main$707                         main
     000082CE  A$main$709                         main
     000082CF  A$main$711                         main
     000082D0  A$main$713                         main
     000082D3  A$main$714                         main
     000082D6  A$main$718                         main
     000082D6  C$main.c$252$1_0$370               main
     000082D7  A$main$719                         main
     000082D8  A$main$725                         main
     000082D9  A$main$727                         main
     000082DB  A$main$728                         main
     000082DD  A$main$730                         main
     000082DF  A$main$732                         main
     000082E2  A$main$733                         main
     000082E4  A$main$737                         main
     000082E4  C$main.c$243$1_0$370               main
     000082E6  A$main$738                         main
     000082E8  A$main$742                         main
     000082E8  C$main.c$259$1_0$370               main
     000082EA  A$main$743                         main
     000082EB  A$main$744                         main
     000082ED  A$main$748                         main
     000082ED  C$main.c$256$1_0$370               main
     000082EE  A$main$749                         main
     000082F0  A$main$750                         main
     000082F3  A$main$755                         main
     000082F3  C$main.c$259$2_0$373               main
     000082F5  A$main$756                         main
     000082F7  A$main$757                         main
     000082F8  A$main$761                         main
     000082F8  C$main.c$260$2_0$373               main
     000082FA  A$main$762                         main
ASxxxx Linker V03.00 + NoICE + sdld,  page 16.
Hexadecimal  [32-Bits]

Area                                    Addr        Size        Decimal Bytes (Attributes)
--------------------------------        ----        ----        ------- ----- ------------
CODE                                0000810D    00001FDA =        8154. bytes (REL,CON)

      Value  Global                              Global Defined In Module
      -----  --------------------------------   ------------------------
     000082FC  A$main$763                         main
     000082FD  A$main$767                         main
     000082FD  C$main.c$261$2_0$373               main
     00008300  A$main$773                         main
     00008300  C$main.c$264$1_0$370               main
     00008304  A$main$775                         main
     00008307  A$main$776                         main
     00008309  A$main$777                         main
     0000830B  A$main$778                         main
     0000830E  A$main$780                         main
     00008311  A$main$786                         main
     00008311  C$main.c$266$2_0$374               main
     00008315  A$main$792                         main
     00008315  C$main.c$267$2_0$374               main
     00008316  A$main$793                         main
     00008317  A$main$794                         main
     00008318  A$main$796                         main
     00008319  A$main$797                         main
     0000831A  A$main$799                         main
     0000831B  A$main$800                         main
     0000831C  A$main$802                         main
     0000831F  A$main$803                         main
     00008321  A$main$807                         main
     00008321  C$main.c$270$2_0$374               main
     00008322  A$main$808                         main
     00008324  A$main$809                         main
     00008327  A$main$814                         main
     00008327  C$main.c$272$3_0$375               main
     00008329  A$main$815                         main
     0000832B  A$main$816                         main
     0000832C  A$main$820                         main
     0000832C  C$main.c$273$3_0$375               main
     0000832E  A$main$821                         main
     00008330  A$main$822                         main
     00008331  A$main$826                         main
     00008331  C$main.c$274$3_0$375               main
     00008334  A$main$832                         main
     00008334  C$main.c$277$2_0$374               main
     00008337  A$main$833                         main
     0000833A  A$main$834                         main
     0000833E  A$main$835                         main
     00008340  A$main$836                         main
     00008342  A$main$839                         main
     00008345  A$main$840                         main
     00008349  A$main$842                         main
     0000834C  A$main$843                         main
     0000834E  A$main$844                         main
     00008351  A$main$845                         main
     00008353  A$main$847                         main
     00008356  A$main$852                         main
     00008356  C$main.c$280$3_0$376               main
ASxxxx Linker V03.00 + NoICE + sdld,  page 17.
Hexadecimal  [32-Bits]

Area                                    Addr        Size        Decimal Bytes (Attributes)
--------------------------------        ----        ----        ------- ----- ------------
CODE                                0000810D    00001FDA =        8154. bytes (REL,CON)

      Value  Global                              Global Defined In Module
      -----  --------------------------------   ------------------------
     00008358  A$main$853                         main
     0000835A  A$main$854                         main
     0000835B  A$main$858                         main
     0000835B  C$main.c$281$3_0$376               main
     0000835E  A$main$864                         main
     0000835E  C$main.c$286$1_0$370               main
     00008360  A$main$865                         main
     00008361  A$main$871                         main
     00008363  A$main$874                         main
     00008363  C$main.c$287$1_0$370               main
     00008363  XFmain$Wr2SD$0$0                   main
     00008364  A$main$885                         main
     00008364  C$main.c$300$1_0$378               main
     00008364  Fmain$GetNxtFileName$0$0           main
     00008366  A$main$889                         main
     00008366  C$main.c$301$2_0$378               main
     00008367  A$main$893                         main
     00008367  C$main.c$303$1_0$378               main
     00008369  A$main$894                         main
     0000836D  A$main$895                         main
     0000836F  A$main$897                         main
     00008371  A$main$898                         main
     00008373  A$main$899                         main
     00008374  A$main$901                         main
     00008375  A$main$902                         main
     00008377  A$main$903                         main
     00008379  A$main$904                         main
     0000837C  A$main$906                         main
     0000837F  A$main$912                         main
     0000837F  C$main.c$304$2_0$379               main
     00008381  A$main$913                         main
     00008382  A$main$919                         main
     00008382  C$main.c$306$1_0$378               main
     00008384  A$main$920                         main
     00008386  A$main$921                         main
     00008388  A$main$922                         main
     0000838A  A$main$924                         main
     0000838C  A$main$925                         main
     0000838E  A$main$927                         main
     00008390  A$main$928                         main
     00008392  A$main$929                         main
     00008395  A$main$931                         main
     00008398  A$main$939                         main
     00008398  C$main.c$307$2_0$380               main
     0000839B  A$main$945                         main
     0000839B  C$main.c$309$1_0$378               main
     0000839D  A$main$946                         main
     0000839F  A$main$947                         main
     000083A1  A$main$949                         main
     000083A3  A$main$950                         main
     000083A5  A$main$952                         main
ASxxxx Linker V03.00 + NoICE + sdld,  page 18.
Hexadecimal  [32-Bits]

Area                                    Addr        Size        Decimal Bytes (Attributes)
--------------------------------        ----        ----        ------- ----- ------------
CODE                                0000810D    00001FDA =        8154. bytes (REL,CON)

      Value  Global                              Global Defined In Module
      -----  --------------------------------   ------------------------
     000083A7  A$main$953                         main
     000083A9  A$main$954                         main
     000083AC  A$main$956                         main
     000083AF  A$main$964                         main
     000083AF  C$main.c$310$2_0$381               main
     000083B2  A$main$970                         main
     000083B2  C$main.c$312$1_0$378               main
     000083B4  A$main$971                         main
     000083B6  A$main$973                         main
     000083B8  A$main$974                         main
     000083BA  A$main$976                         main
     000083BC  A$main$977                         main
     000083BE  A$main$978                         main
     000083C1  A$main$980                         main
     000083C4  A$main$988                         main
     000083C4  C$main.c$313$2_0$382               main
     000083C7  A$main$994                         main
     000083C7  C$main.c$316$1_0$378               main
     000083C8  A$main$995                         main
     000083C9  A$main$996                         main
     000083CB  A$main$997                         main
     000083CE  A$main$1001                        main
     000083CF  A$main$1002                        main
     000083D1  A$main$1003                        main
     000083D3  A$main$1004                        main
     000083D6  A$main$1008                        main
     000083D7  A$main$1009                        main
     000083D9  A$main$1010                        main
     000083DB  A$main$1011                        main
     000083DE  A$main$1015                        main
     000083DF  A$main$1016                        main
     000083E1  A$main$1017                        main
     000083E3  A$main$1018                        main
     000083E6  A$main$1022                        main
     000083E9  A$main$1028                        main
     000083E9  C$main.c$317$2_0$383               main
     000083EB  A$main$1029                        main
     000083ED  A$main$1030                        main
     000083EE  A$main$1034                        main
     000083EE  C$main.c$318$2_0$383               main
     000083F0  A$main$1035                        main
     000083F1  A$main$1037                        main
     000083F2  A$main$1039                        main
     000083F4  A$main$1040                        main
     000083F5  A$main$1042                        main
     000083F8  A$main$1048                        main
     000083F8  C$main.c$319$2_0$383               main
     000083FA  A$main$1049                        main
     000083FC  A$main$1050                        main
     000083FD  A$main$1054                        main
     000083FD  C$main.c$320$2_0$383               main
ASxxxx Linker V03.00 + NoICE + sdld,  page 19.
Hexadecimal  [32-Bits]

Area                                    Addr        Size        Decimal Bytes (Attributes)
--------------------------------        ----        ----        ------- ----- ------------
CODE                                0000810D    00001FDA =        8154. bytes (REL,CON)

      Value  Global                              Global Defined In Module
      -----  --------------------------------   ------------------------
     000083FF  A$main$1055                        main
     00008401  A$main$1056                        main
     00008402  A$main$1060                        main
     00008402  C$main.c$321$2_0$383               main
     00008404  A$main$1061                        main
     00008405  A$main$1063                        main
     00008406  A$main$1065                        main
     00008408  A$main$1066                        main
     00008409  A$main$1068                        main
     0000840C  A$main$1074                        main
     0000840C  C$main.c$322$2_0$383               main
     0000840E  A$main$1075                        main
     00008410  A$main$1076                        main
     00008411  A$main$1080                        main
     00008411  C$main.c$323$2_0$383               main
     00008413  A$main$1081                        main
     00008415  A$main$1082                        main
     00008416  A$main$1086                        main
     00008416  C$main.c$324$2_0$383               main
     00008418  A$main$1087                        main
     0000841A  A$main$1088                        main
     0000841B  A$main$1092                        main
     0000841B  C$main.c$325$2_0$383               main
     0000841D  A$main$1093                        main
     0000841E  A$main$1095                        main
     0000841F  A$main$1097                        main
     00008421  A$main$1098                        main
     00008422  A$main$1100                        main
     00008425  A$main$1106                        main
     00008425  C$main.c$326$2_0$383               main
     00008427  A$main$1107                        main
     00008429  A$main$1108                        main
     0000842A  A$main$1112                        main
     0000842A  C$main.c$327$2_0$383               main
     0000842C  A$main$1113                        main
     0000842E  A$main$1114                        main
     0000842F  A$main$1118                        main
     0000842F  C$main.c$328$2_0$383               main
     00008431  A$main$1119                        main
     00008433  A$main$1120                        main
     00008434  A$main$1124                        main
     00008434  C$main.c$329$2_0$383               main
     00008436  A$main$1125                        main
     00008438  A$main$1126                        main
     00008439  A$main$1128                        main
     0000843C  A$main$1134                        main
     0000843C  C$main.c$330$2_0$383               main
     0000843D  A$main$1135                        main
     0000843E  A$main$1137                        main
     00008440  A$main$1138                        main
     00008441  A$main$1146                        main
ASxxxx Linker V03.00 + NoICE + sdld,  page 20.
Hexadecimal  [32-Bits]

Area                                    Addr        Size        Decimal Bytes (Attributes)
--------------------------------        ----        ----        ------- ----- ------------
CODE                                0000810D    00001FDA =        8154. bytes (REL,CON)

      Value  Global                              Global Defined In Module
      -----  --------------------------------   ------------------------
     00008441  C$main.c$331$1_0$378               main
     00008443  A$main$1149                        main
     00008443  C$main.c$332$1_0$378               main
     00008443  XFmain$GetNxtFileName$0$0          main
     00008444  A$main$1160                        main
     00008444  C$main.c$345$1_0$385               main
     00008444  Fmain$ConvertFileName$0$0          main
     00008446  A$main$1165                        main
     00008446  C$main.c$348$1_0$385               main
     00008448  A$main$1166                        main
     0000844A  A$main$1168                        main
     0000844C  A$main$1169                        main
     00008450  A$main$1170                        main
     00008451  A$main$1177                        main
     00008451  C$main.c$349$1_0$385               main
     00008453  A$main$1178                        main
     00008455  A$main$1181                        main
     00008456  A$main$1185                        main
     00008458  A$main$1187                        main
     0000845A  A$main$1188                        main
     0000845C  A$main$1194                        main
     0000845C  C$main.c$350$1_0$385               main
     0000845D  A$main$1196                        main
     0000845F  A$main$1197                        main
     00008461  A$main$1199                        main
     00008464  A$main$1200                        main
     00008466  A$main$1202                        main
     00008467  A$main$1203                        main
     0000846A  A$main$1207                        main
     0000846C  A$main$1212                        main
     0000846C  C$main.c$351$1_0$385               main
     0000846E  A$main$1213                        main
     00008470  A$main$1215                        main
     00008472  A$main$1216                        main
     00008476  A$main$1217                        main
     00008477  A$main$1224                        main
     00008477  C$main.c$352$1_0$385               main
     00008479  A$main$1225                        main
     0000847B  A$main$1228                        main
     0000847C  A$main$1232                        main
     0000847E  A$main$1234                        main
     00008480  A$main$1240                        main
     00008480  C$main.c$353$1_0$385               main
     00008481  A$main$1242                        main
     00008483  A$main$1243                        main
     00008485  A$main$1245                        main
     00008488  A$main$1246                        main
     0000848A  A$main$1248                        main
     0000848B  A$main$1249                        main
     0000848E  A$main$1253                        main
     00008490  A$main$1258                        main
ASxxxx Linker V03.00 + NoICE + sdld,  page 21.
Hexadecimal  [32-Bits]

Area                                    Addr        Size        Decimal Bytes (Attributes)
--------------------------------        ----        ----        ------- ----- ------------
CODE                                0000810D    00001FDA =        8154. bytes (REL,CON)

      Value  Global                              Global Defined In Module
      -----  --------------------------------   ------------------------
     00008490  C$main.c$354$1_0$385               main
     00008492  A$main$1259                        main
     00008494  A$main$1261                        main
     00008496  A$main$1262                        main
     0000849A  A$main$1263                        main
     0000849B  A$main$1270                        main
     0000849B  C$main.c$355$1_0$385               main
     0000849D  A$main$1271                        main
     000084A1  A$main$1274                        main
     000084A2  A$main$1278                        main
     000084A4  A$main$1280                        main
     000084A6  A$main$1287                        main
     000084A6  C$main.c$356$1_0$385               main
     000084A7  A$main$1288                        main
     000084A8  A$main$1289                        main
     000084A9  A$main$1290                        main
     000084AC  A$main$1291                        main
     000084AD  A$main$1292                        main
     000084AF  A$main$1294                        main
     000084B0  A$main$1295                        main
     000084B3  A$main$1299                        main
     000084B5  A$main$1303                        main
     000084B5  C$main.c$357$1_0$385               main
     000084B7  A$main$1304                        main
     000084BA  A$main$1307                        main
     000084BC  A$main$1311                        main
     000084BE  A$main$1313                        main
     000084BF  A$main$1317                        main
     000084BF  C$main.c$358$1_0$385               main
     000084C1  A$main$1318                        main
     000084C4  A$main$1320                        main
     000084C5  A$main$1326                        main
     000084C7  A$main$1329                        main
     000084C7  C$main.c$359$1_0$385               main
     000084C7  XFmain$ConvertFileName$0$0         main
     000084C8  A$main$1340                        main
     000084C8  C$main.c$374$1_0$387               main
     000084C8  Fmain$GetCfg$0$0                   main
     000084CA  A$main$1344                        main
     000084CA  C$main.c$377$1_0$387               main
     000084CC  A$main$1345                        main
     000084CD  A$main$1347                        main
     000084D0  A$main$1348                        main
     000084D1  A$main$1349                        main
     000084D3  A$main$1351                        main
     000084D5  A$main$1352                        main
     000084D7  A$main$1353                        main
     000084DA  A$main$1356                        main
     000084DB  A$main$1357                        main
     000084DC  A$main$1358                        main
     000084DF  A$main$1364                        main
ASxxxx Linker V03.00 + NoICE + sdld,  page 22.
Hexadecimal  [32-Bits]

Area                                    Addr        Size        Decimal Bytes (Attributes)
--------------------------------        ----        ----        ------- ----- ------------
CODE                                0000810D    00001FDA =        8154. bytes (REL,CON)

      Value  Global                              Global Defined In Module
      -----  --------------------------------   ------------------------
     000084DF  C$main.c$380$1_0$387               main
     000084E1  A$main$1365                        main
     000084E3  A$main$1367                        main
     000084E5  A$main$1368                        main
     000084E7  A$main$1370                        main
     000084E9  A$main$1371                        main
     000084EA  A$main$1374                        main
     000084EB  A$main$1375                        main
     000084EC  A$main$1377                        main
     000084EE  A$main$1379                        main
     000084F1  A$main$1382                        main
     000084F3  A$main$1383                        main
     000084F4  A$main$1385                        main
     000084F5  A$main$1388                        main
     000084F7  A$main$1390                        main
     000084F9  A$main$1391                        main
     000084FC  A$main$1393                        main
     000084FE  A$main$1394                        main
     000084FF  A$main$1398                        main
     000084FF  C$main.c$382$1_0$387               main
     00008501  A$main$1400                        main
     00008503  A$main$1403                        main
     00008505  A$main$1404                        main
     00008507  A$main$1406                        main
     00008509  A$main$1408                        main
     0000850B  A$main$1411                        main
     0000850C  A$main$1413                        main
     0000850D  A$main$1414                        main
     0000850E  A$main$1417                        main
     00008510  A$main$1419                        main
     00008511  A$main$1420                        main
     00008514  A$main$1425                        main
     00008514  C$main.c$384$1_0$387               main
     00008516  A$main$1426                        main
     0000851A  A$main$1428                        main
     0000851C  A$main$1430                        main
     0000851D  A$main$1432                        main
     00008520  A$main$1433                        main
     00008522  A$main$1437                        main
     00008522  C$main.c$385$1_0$387               main
     00008524  A$main$1438                        main
     00008528  A$main$1440                        main
     0000852A  A$main$1442                        main
     0000852C  A$main$1445                        main
     0000852E  A$main$1446                        main
     00008530  A$main$1448                        main
     00008532  A$main$1450                        main
     00008534  A$main$1453                        main
     00008535  A$main$1455                        main
     00008537  A$main$1456                        main
     00008539  A$main$1459                        main
ASxxxx Linker V03.00 + NoICE + sdld,  page 23.
Hexadecimal  [32-Bits]

Area                                    Addr        Size        Decimal Bytes (Attributes)
--------------------------------        ----        ----        ------- ----- ------------
CODE                                0000810D    00001FDA =        8154. bytes (REL,CON)

      Value  Global                              Global Defined In Module
      -----  --------------------------------   ------------------------
     0000853B  A$main$1461                        main
     0000853E  A$main$1463                        main
     00008540  A$main$1467                        main
     00008540  C$main.c$386$1_0$387               main
     00008542  A$main$1468                        main
     00008545  A$main$1469                        main
     00008547  A$main$1471                        main
     00008549  A$main$1473                        main
     0000854B  A$main$1474                        main
     0000854D  A$main$1476                        main
     0000854F  A$main$1478                        main
     00008551  A$main$1481                        main
     00008553  A$main$1482                        main
     00008554  A$main$1484                        main
     00008555  A$main$1485                        main
     00008557  A$main$1486                        main
     00008559  A$main$1489                        main
     0000855B  A$main$1490                        main
     0000855D  A$main$1491                        main
     0000855F  A$main$1493                        main
     00008560  A$main$1494                        main
     00008562  A$main$1495                        main
     00008564  A$main$1496                        main
     00008566  A$main$1497                        main
     00008567  A$main$1498                        main
     00008569  A$main$1499                        main
     0000856B  A$main$1500                        main
     0000856C  A$main$1501                        main
     0000856E  A$main$1502                        main
     00008570  A$main$1503                        main
     00008571  A$main$1504                        main
     00008573  A$main$1505                        main
     00008575  A$main$1507                        main
     00008577  A$main$1509                        main
     00008579  A$main$1512                        main
     0000857A  A$main$1513                        main
     0000857C  A$main$1515                        main
     0000857E  A$main$1516                        main
     00008580  A$main$1518                        main
     00008583  A$main$1519                        main
     00008585  A$main$1520                        main
     00008587  A$main$1521                        main
     00008588  A$main$1522                        main
     0000858A  A$main$1523                        main
     0000858C  A$main$1525                        main
     0000858E  A$main$1527                        main
     00008590  A$main$1530                        main
     00008591  A$main$1531                        main
     00008593  A$main$1533                        main
     00008595  A$main$1534                        main
     00008596  A$main$1536                        main
ASxxxx Linker V03.00 + NoICE + sdld,  page 24.
Hexadecimal  [32-Bits]

Area                                    Addr        Size        Decimal Bytes (Attributes)
--------------------------------        ----        ----        ------- ----- ------------
CODE                                0000810D    00001FDA =        8154. bytes (REL,CON)

      Value  Global                              Global Defined In Module
      -----  --------------------------------   ------------------------
     00008597  A$main$1537                        main
     00008599  A$main$1538                        main
     0000859B  A$main$1539                        main
     0000859D  A$main$1540                        main
     0000859F  A$main$1541                        main
     000085A0  A$main$1542                        main
     000085A2  A$main$1543                        main
     000085A3  A$main$1544                        main
     000085A5  A$main$1545                        main
     000085A6  A$main$1546                        main
     000085A8  A$main$1547                        main
     000085AA  A$main$1548                        main
     000085AB  A$main$1549                        main
     000085AD  A$main$1550                        main
     000085AF  A$main$1552                        main
     000085B1  A$main$1553                        main
     000085B3  A$main$1554                        main
     000085B5  A$main$1555                        main
     000085B6  A$main$1559                        main
     000085B6  C$main.c$390$1_0$387               main
     000085B8  A$main$1560                        main
     000085BB  A$main$1562                        main
     000085BD  A$main$1564                        main
     000085C0  A$main$1566                        main
     000085C1  A$main$1570                        main
     000085C3  A$main$1572                        main
     000085C5  A$main$1576                        main
     000085C5  C$main.c$393$1_0$387               main
     000085C7  A$main$1577                        main
     000085CA  A$main$1581                        main
     000085CA  C$main.c$391$1_0$387               main
     000085CB  A$main$1582                        main
     000085CD  A$main$1583                        main
     000085D0  A$main$1588                        main
     000085D0  C$main.c$393$2_0$388               main
     000085D1  A$main$1590                        main
     000085D4  A$main$1596                        main
     000085D4  C$main.c$395$2_0$389               main
     000085D6  A$main$1597                        main
     000085D7  A$main$1603                        main
     000085D7  C$main.c$398$1_0$387               main
     000085D8  A$main$1609                        main
     000085DA  A$main$1612                        main
     000085DA  C$main.c$399$1_0$387               main
     000085DA  XFmain$GetCfg$0$0                  main
     000085DB  A$main$1623                        main
     000085DB  C$main.c$413$1_0$391               main
     000085DB  Fmain$IsValidCfgBuf$0$0            main
     000085DC  A$main$1627                        main
     000085DC  C$main.c$414$2_0$391               main
     000085DE  A$main$1631                        main
ASxxxx Linker V03.00 + NoICE + sdld,  page 25.
Hexadecimal  [32-Bits]

Area                                    Addr        Size        Decimal Bytes (Attributes)
--------------------------------        ----        ----        ------- ----- ------------
CODE                                0000810D    00001FDA =        8154. bytes (REL,CON)

      Value  Global                              Global Defined In Module
      -----  --------------------------------   ------------------------
     000085DE  C$main.c$415$2_0$391               main
     000085DF  A$main$1641                        main
     000085E2  A$main$1642                        main
     000085E4  A$main$1643                        main
     000085E7  A$main$1649                        main
     000085E7  C$main.c$417$3_0$393               main
     000085E9  A$main$1650                        main
     000085EC  A$main$1652                        main
     000085EE  A$main$1654                        main
     000085F0  A$main$1655                        main
     000085F2  A$main$1659                        main
     000085F2  C$main.c$416$2_0$392               main
     000085F3  A$main$1661                        main
     000085F6  A$main$1667                        main
     000085F6  C$main.c$419$1_0$391               main
     000085F8  A$main$1669                        main
     000085FA  A$main$1671                        main
     000085FC  A$main$1672                        main
     000085FE  A$main$1673                        main
     00008601  A$main$1675                        main
     00008604  A$main$1681                        main
     00008604  C$main.c$420$1_0$391               main
     00008606  A$main$1682                        main
     00008609  A$main$1688                        main
     00008609  C$main.c$422$1_0$391               main
     0000860A  A$main$1694                        main
     0000860C  A$main$1697                        main
     0000860C  C$main.c$423$1_0$391               main
     0000860C  XFmain$IsValidCfgBuf$0$0           main
     0000860D  A$main$1711                        main
     0000860D  C$main.c$432$1_0$395               main
     0000860D  C$main.c$435$1_0$395               main
     0000860D  Fmain$clkInit$0$0                  main
     00008611  A$main$1715                        main
     00008611  C$main.c$443$1_0$395               main
     00008614  A$main$1717                        main
     00008616  A$main$1719                        main
     00008619  A$main$1723                        main
     00008619  C$main.c$444$1_0$395               main
     0000861C  A$main$1725                        main
     0000861E  A$main$1727                        main
     00008621  A$main$1735                        main
     00008621  C$main.c$445$1_0$395               main
     00008621  XFmain$clkInit$0$0                 main
     00008622  A$main$1751                        main
     00008622  C$main.c$460$1_0$397               main
     00008622  C$main.c$466$1_0$397               main
     00008622  G$assert_failed$0$0                main
     00008622  _assert_failed                     main
     00008625  A$main$1759                        main
     00008625  C$main.c$469$1_0$397               main
ASxxxx Linker V03.00 + NoICE + sdld,  page 26.
Hexadecimal  [32-Bits]

Area                                    Addr        Size        Decimal Bytes (Attributes)
--------------------------------        ----        ----        ------- ----- ------------
CODE                                0000810D    00001FDA =        8154. bytes (REL,CON)

      Value  Global                              Global Defined In Module
      -----  --------------------------------   ------------------------
     00008625  XG$assert_failed$0$0               main
     00008626  A$diskio$83                        diskio
     00008626  C$diskio.c$13$0_0$341              diskio
     00008626  C$diskio.c$16$1_0$341              diskio
     00008626  G$disk_initialize$0$0              diskio
     00008626  _disk_initialize                   diskio
     00008629  A$diskio$85                        diskio
     0000862A  A$diskio$86                        diskio
     0000862C  A$diskio$87                        diskio
     0000862F  A$diskio$92                        diskio
     0000862F  C$diskio.c$17$1_0$341              diskio
     00008631  A$diskio$93                        diskio
     00008634  A$diskio$99                        diskio
     00008634  C$diskio.c$18$1_0$341              diskio
     00008637  A$diskio$101                       diskio
     00008638  A$diskio$102                       diskio
     0000863A  A$diskio$103                       diskio
     0000863D  A$diskio$105                       diskio
     00008640  A$diskio$111                       diskio
     00008640  C$diskio.c$19$2_0$342              diskio
     00008642  A$diskio$112                       diskio
     00008645  A$diskio$118                       diskio
     00008645  C$diskio.c$21$2_0$343              diskio
     00008646  A$diskio$126                       diskio
     00008646  C$diskio.c$23$1_0$341              diskio
     00008646  XG$disk_initialize$0$0             diskio
     00008647  A$diskio$137                       diskio
     00008647  C$diskio.c$31$1_0$345              diskio
     00008647  G$disk_readp$0$0                   diskio
     00008647  _disk_readp                        diskio
     00008649  A$diskio$141                       diskio
     00008649  C$diskio.c$38$2_0$345              diskio
     0000864B  A$diskio$142                       diskio
     0000864D  A$diskio$146                       diskio
     0000864D  C$diskio.c$41$1_0$345              diskio
     00008650  A$diskio$148                       diskio
     00008652  A$diskio$150                       diskio
     00008655  A$diskio$154                       diskio
     00008655  C$diskio.c$44$1_0$345              diskio
     00008657  A$diskio$156                       diskio
     00008659  A$diskio$157                       diskio
     0000865A  A$diskio$158                       diskio
     0000865C  A$diskio$159                       diskio
     0000865D  A$diskio$161                       diskio
     0000865F  A$diskio$163                       diskio
     00008662  A$diskio$164                       diskio
     00008664  A$diskio$168                       diskio
     00008664  C$diskio.c$47$1_0$345              diskio
     00008666  A$diskio$170                       diskio
     00008669  A$diskio$171                       diskio
     0000866B  A$diskio$172                       diskio
ASxxxx Linker V03.00 + NoICE + sdld,  page 27.
Hexadecimal  [32-Bits]

Area                                    Addr        Size        Decimal Bytes (Attributes)
--------------------------------        ----        ----        ------- ----- ------------
CODE                                0000810D    00001FDA =        8154. bytes (REL,CON)

      Value  Global                              Global Defined In Module
      -----  --------------------------------   ------------------------
     0000866D  A$diskio$174                       diskio
     0000866F  A$diskio$175                       diskio
     00008671  A$diskio$176                       diskio
     00008674  A$diskio$181                       diskio
     00008674  C$diskio.c$50$2_0$346              diskio
     00008676  A$diskio$183                       diskio
     00008679  A$diskio$184                       diskio
     0000867B  A$diskio$186                       diskio
     0000867C  A$diskio$187                       diskio
     0000867E  A$diskio$188                       diskio
     00008681  A$diskio$193                       diskio
     00008682  A$diskio$194                       diskio
     00008684  A$diskio$196                       diskio
     00008686  A$diskio$197                       diskio
     00008688  A$diskio$202                       diskio
     0000868A  A$diskio$203                       diskio
     0000868C  A$diskio$204                       diskio
     0000868E  A$diskio$205                       diskio
     00008690  A$diskio$208                       diskio
     00008692  A$diskio$209                       diskio
     00008694  A$diskio$210                       diskio
     00008696  A$diskio$211                       diskio
     00008698  A$diskio$212                       diskio
     0000869A  A$diskio$213                       diskio
     0000869C  A$diskio$214                       diskio
     0000869E  A$diskio$215                       diskio
     000086A1  A$diskio$221                       diskio
     000086A1  C$diskio.c$54$5_0$349              diskio
     000086A4  A$diskio$225                       diskio
     000086A4  C$diskio.c$53$4_0$348              diskio
     000086A6  A$diskio$226                       diskio
     000086A7  A$diskio$227                       diskio
     000086A9  A$diskio$228                       diskio
     000086AB  A$diskio$229                       diskio
     000086AD  A$diskio$230                       diskio
     000086AE  A$diskio$231                       diskio
     000086B0  A$diskio$234                       diskio
     000086B3  A$diskio$238                       diskio
     000086B5  A$diskio$240                       diskio
     000086B7  A$diskio$241                       diskio
     000086BA  A$diskio$242                       diskio
     000086BC  A$diskio$244                       diskio
     000086BE  A$diskio$245                       diskio
     000086C0  A$diskio$247                       diskio
     000086C2  A$diskio$248                       diskio
     000086C4  A$diskio$255                       diskio
     000086C6  A$diskio$256                       diskio
     000086C8  A$diskio$257                       diskio
     000086CA  A$diskio$258                       diskio
     000086CC  A$diskio$261                       diskio
     000086CE  A$diskio$262                       diskio
ASxxxx Linker V03.00 + NoICE + sdld,  page 28.
Hexadecimal  [32-Bits]

Area                                    Addr        Size        Decimal Bytes (Attributes)
--------------------------------        ----        ----        ------- ----- ------------
CODE                                0000810D    00001FDA =        8154. bytes (REL,CON)

      Value  Global                              Global Defined In Module
      -----  --------------------------------   ------------------------
     000086D0  A$diskio$263                       diskio
     000086D2  A$diskio$264                       diskio
     000086D4  A$diskio$265                       diskio
     000086D6  A$diskio$266                       diskio
     000086D8  A$diskio$267                       diskio
     000086DA  A$diskio$268                       diskio
     000086DD  A$diskio$274                       diskio
     000086DD  C$diskio.c$59$5_0$351              diskio
     000086DF  A$diskio$275                       diskio
     000086E2  A$diskio$276                       diskio
     000086E4  A$diskio$278                       diskio
     000086E6  A$diskio$279                       diskio
     000086E7  A$diskio$283                       diskio
     000086E7  C$diskio.c$62$5_0$351              diskio
     000086E9  A$diskio$284                       diskio
     000086EA  A$diskio$285                       diskio
     000086EC  A$diskio$290                       diskio
     000086EC  C$diskio.c$56$4_0$350              diskio
     000086EE  A$diskio$291                       diskio
     000086EF  A$diskio$292                       diskio
     000086F1  A$diskio$293                       diskio
     000086F3  A$diskio$294                       diskio
     000086F5  A$diskio$297                       diskio
     000086F8  A$diskio$301                       diskio
     000086FA  A$diskio$309                       diskio
     000086FD  A$diskio$310                       diskio
     000086FF  A$diskio$311                       diskio
     00008701  A$diskio$312                       diskio
     00008703  A$diskio$313                       diskio
     00008705  A$diskio$314                       diskio
     00008707  A$diskio$315                       diskio
     0000870A  A$diskio$321                       diskio
     0000870A  C$diskio.c$65$5_0$353              diskio
     0000870B  A$diskio$322                       diskio
     0000870D  A$diskio$323                       diskio
     00008710  A$diskio$324                       diskio
     00008712  A$diskio$325                       diskio
     00008713  A$diskio$329                       diskio
     00008713  C$diskio.c$64$4_0$352              diskio
     00008714  A$diskio$330                       diskio
     00008716  A$diskio$331                       diskio
     00008718  A$diskio$334                       diskio
     0000871B  A$diskio$340                       diskio
     0000871B  C$diskio.c$68$3_0$347              diskio
     0000871E  A$diskio$344                       diskio
     0000871E  C$diskio.c$69$3_0$347              diskio
     00008721  A$diskio$348                       diskio
     00008721  C$diskio.c$71$3_0$347              diskio
     00008723  A$diskio$354                       diskio
     00008723  C$diskio.c$75$1_0$345              diskio
     00008726  A$diskio$356                       diskio
ASxxxx Linker V03.00 + NoICE + sdld,  page 29.
Hexadecimal  [32-Bits]

Area                                    Addr        Size        Decimal Bytes (Attributes)
--------------------------------        ----        ----        ------- ----- ------------
CODE                                0000810D    00001FDA =        8154. bytes (REL,CON)

      Value  Global                              Global Defined In Module
      -----  --------------------------------   ------------------------
     00008728  A$diskio$358                       diskio
     0000872B  A$diskio$362                       diskio
     0000872B  C$diskio.c$78$1_0$345              diskio
     0000872D  A$diskio$364                       diskio
     00008730  A$diskio$365                       diskio
     00008731  A$diskio$369                       diskio
     00008731  C$diskio.c$81$1_0$345              diskio
     00008733  A$diskio$375                       diskio
     00008735  A$diskio$378                       diskio
     00008735  C$diskio.c$82$1_0$345              diskio
     00008735  XG$disk_readp$0$0                  diskio
     00008736  A$diskio$389                       diskio
     00008736  C$diskio.c$90$1_0$355              diskio
     00008736  G$disk_writep$0$0                  diskio
     00008736  _disk_writep                       diskio
     00008738  A$diskio$393                       diskio
     00008738  C$diskio.c$97$2_0$355              diskio
     0000873A  A$diskio$394                       diskio
     0000873C  A$diskio$398                       diskio
     0000873C  C$diskio.c$99$1_0$355              diskio
     0000873E  A$diskio$399                       diskio
     00008740  A$diskio$400                       diskio
     00008743  A$diskio$405                       diskio
     00008743  C$diskio.c$100$2_0$356             diskio
     00008745  A$diskio$406                       diskio
     00008747  A$diskio$407                       diskio
     00008749  A$diskio$408                       diskio
     0000874B  A$diskio$409                       diskio
     0000874E  A$diskio$414                       diskio
     0000874E  C$diskio.c$102$3_0$357             diskio
     00008751  A$diskio$416                       diskio
     00008753  A$diskio$418                       diskio
     00008756  A$diskio$422                       diskio
     00008756  C$diskio.c$104$3_0$357             diskio
     00008758  A$diskio$424                       diskio
     0000875A  A$diskio$425                       diskio
     0000875B  A$diskio$426                       diskio
     0000875D  A$diskio$427                       diskio
     0000875E  A$diskio$429                       diskio
     00008760  A$diskio$431                       diskio
     00008763  A$diskio$432                       diskio
     00008765  A$diskio$436                       diskio
     00008765  C$diskio.c$107$3_0$357             diskio
     00008767  A$diskio$438                       diskio
     0000876A  A$diskio$439                       diskio
     0000876C  A$diskio$441                       diskio
     0000876D  A$diskio$442                       diskio
     0000876F  A$diskio$443                       diskio
     00008772  A$diskio$448                       diskio
     00008772  C$diskio.c$110$4_0$358             diskio
     00008774  A$diskio$450                       diskio
ASxxxx Linker V03.00 + NoICE + sdld,  page 30.
Hexadecimal  [32-Bits]

Area                                    Addr        Size        Decimal Bytes (Attributes)
--------------------------------        ----        ----        ------- ----- ------------
CODE                                0000810D    00001FDA =        8154. bytes (REL,CON)

      Value  Global                              Global Defined In Module
      -----  --------------------------------   ------------------------
     00008777  A$diskio$451                       diskio
     00008778  A$diskio$455                       diskio
     00008778  C$diskio.c$112$4_0$358             diskio
     0000877A  A$diskio$457                       diskio
     0000877D  A$diskio$458                       diskio
     0000877E  A$diskio$462                       diskio
     0000877E  C$diskio.c$113$4_0$358             diskio
     00008781  A$diskio$463                       diskio
     00008784  A$diskio$464                       diskio
     00008785  A$diskio$465                       diskio
     00008788  A$diskio$469                       diskio
     00008788  C$diskio.c$114$4_0$358             diskio
     0000878A  A$diskio$471                       diskio
     0000878D  A$diskio$477                       diskio
     0000878D  C$diskio.c$118$3_0$359             diskio
     00008790  A$diskio$478                       diskio
     00008792  A$diskio$479                       diskio
     00008795  A$diskio$480                       diskio
     00008797  A$diskio$482                       diskio
     0000879A  A$diskio$483                       diskio
     0000879D  A$diskio$484                       diskio
     000087A1  A$diskio$485                       diskio
     000087A3  A$diskio$486                       diskio
     000087A5  A$diskio$489                       diskio
     000087A8  A$diskio$490                       diskio
     000087AC  A$diskio$492                       diskio
     000087AE  A$diskio$493                       diskio
     000087B0  A$diskio$494                       diskio
     000087B2  A$diskio$495                       diskio
     000087B4  A$diskio$496                       diskio
     000087B7  A$diskio$501                       diskio
     000087B7  C$diskio.c$119$4_0$360             diskio
     000087B9  A$diskio$503                       diskio
     000087BC  A$diskio$504                       diskio
     000087BD  A$diskio$506                       diskio
     000087C0  A$diskio$512                       diskio
     000087C0  C$diskio.c$122$3_0$359             diskio
     000087C2  A$diskio$514                       diskio
     000087C5  A$diskio$515                       diskio
     000087C6  A$diskio$519                       diskio
     000087C6  C$diskio.c$123$3_0$359             diskio
     000087C8  A$diskio$521                       diskio
     000087CB  A$diskio$522                       diskio
     000087CC  A$diskio$526                       diskio
     000087CC  C$diskio.c$126$3_0$359             diskio
     000087CF  A$diskio$528                       diskio
     000087D1  A$diskio$529                       diskio
     000087D3  A$diskio$530                       diskio
     000087D6  A$diskio$532                       diskio
     000087D9  A$diskio$538                       diskio
     000087D9  C$diskio.c$127$5_0$362             diskio
ASxxxx Linker V03.00 + NoICE + sdld,  page 31.
Hexadecimal  [32-Bits]

[...]
     00009ED4  A$pff$3664                         pff
     00009ED7  A$pff$3667                         pff
     00009ED9  A$pff$3668                         pff
     00009EDB  A$pff$3669                         pff
     00009EDD  A$pff$3670                         pff
     00009EDE  A$pff$3671                         pff
     00009EE0  A$pff$3673                         pff
     00009EE3  A$pff$3674                         pff
     00009EE5  A$pff$3675                         pff
     00009EE7  A$pff$3676                         pff
     00009EE9  A$pff$3677                         pff
     00009EEB  A$pff$3678                         pff
     00009EED  A$pff$3680                         pff
     00009EEF  A$pff$3681                         pff
     00009EF1  A$pff$3682                         pff
     00009EF3  A$pff$3683                         pff
     00009EF5  A$pff$3684                         pff
     00009EF6  A$pff$3688                         pff
     00009EF6  C$pff.c$1030$3_0$400               pff
     00009EF8  A$pff$3689                         pff
     00009EFA  A$pff$3690                         pff
ASxxxx Linker V03.00 + NoICE + sdld,  page 103.
Hexadecimal  [32-Bits]

Area                                    Addr        Size        Decimal Bytes (Attributes)
--------------------------------        ----        ----        ------- ----- ------------
CODE                                0000810D    00001FDA =        8154. bytes (REL,CON)

      Value  Global                              Global Defined In Module
      -----  --------------------------------   ------------------------
     00009EFB  A$pff$3692                         pff
     00009EFC  A$pff$3693                         pff
     00009EFD  A$pff$3695                         pff
     00009F00  A$pff$3696                         pff
     00009F02  A$pff$3698                         pff
     00009F03  A$pff$3699                         pff
     00009F05  A$pff$3700                         pff
     00009F08  A$pff$3703                         pff
     00009F0A  A$pff$3704                         pff
     00009F0B  A$pff$3706                         pff
     00009F0D  A$pff$3707                         pff
     00009F10  A$pff$3713                         pff
     00009F10  C$pff.c$1031$3_0$400               pff
     00009F12  A$pff$3714                         pff
     00009F13  A$pff$3716                         pff
     00009F15  A$pff$3718                         pff
     00009F17  A$pff$3719                         pff
     00009F18  A$pff$3725                         pff
     00009F18  C$pff.c$1033$2_0$399               pff
     00009F1A  A$pff$3726                         pff
     00009F1C  A$pff$3728                         pff
     00009F1D  A$pff$3730                         pff
     00009F1F  A$pff$3731                         pff
     00009F21  A$pff$3733                         pff
     00009F22  A$pff$3734                         pff
     00009F23  A$pff$3735                         pff
     00009F24  A$pff$3736                         pff
     00009F26  A$pff$3737                         pff
     00009F28  A$pff$3738                         pff
     00009F29  A$pff$3740                         pff
     00009F2B  A$pff$3745                         pff
     00009F2B  C$pff.c$1034$2_0$399               pff
     00009F2D  A$pff$3746                         pff
     00009F2F  A$pff$3747                         pff
     00009F31  A$pff$3748                         pff
     00009F34  A$pff$3752                         pff
     00009F36  A$pff$3753                         pff
     00009F38  A$pff$3760                         pff
     00009F38  C$pff.c$1035$1_0$394               pff
     00009F3A  A$pff$3761                         pff
     00009F3C  A$pff$3762                         pff
     00009F3E  A$pff$3763                         pff
     00009F40  A$pff$3765                         pff
     00009F42  A$pff$3766                         pff
     00009F43  A$pff$3767                         pff
     00009F45  A$pff$3768                         pff
     00009F46  A$pff$3770                         pff
     00009F48  A$pff$3771                         pff
     00009F49  A$pff$3773                         pff
     00009F4C  A$pff$3774                         pff
     00009F4E  A$pff$3776                         pff
ASxxxx Linker V03.00 + NoICE + sdld,  page 104.
Hexadecimal  [32-Bits]

Area                                    Addr        Size        Decimal Bytes (Attributes)
--------------------------------        ----        ----        ------- ----- ------------
CODE                                0000810D    00001FDA =        8154. bytes (REL,CON)

      Value  Global                              Global Defined In Module
      -----  --------------------------------   ------------------------
     00009F4F  A$pff$3777                         pff
     00009F51  A$pff$3778                         pff
     00009F54  A$pff$3781                         pff
     00009F56  A$pff$3782                         pff
     00009F57  A$pff$3784                         pff
     00009F59  A$pff$3785                         pff
     00009F5C  A$pff$3791                         pff
     00009F5C  C$pff.c$1036$2_0$399               pff
     00009F5E  A$pff$3792                         pff
     00009F60  A$pff$3793                         pff
     00009F61  A$pff$3794                         pff
     00009F63  A$pff$3795                         pff
     00009F65  A$pff$3796                         pff
     00009F66  A$pff$3797                         pff
     00009F67  A$pff$3799                         pff
     00009F69  A$pff$3800                         pff
     00009F6B  A$pff$3801                         pff
     00009F6D  A$pff$3802                         pff
     00009F6F  A$pff$3803                         pff
     00009F71  A$pff$3804                         pff
     00009F72  A$pff$3805                         pff
     00009F74  A$pff$3806                         pff
     00009F76  A$pff$3807                         pff
     00009F77  A$pff$3808                         pff
     00009F79  A$pff$3809                         pff
     00009F7B  A$pff$3811                         pff
     00009F7D  A$pff$3812                         pff
     00009F7F  A$pff$3813                         pff
     00009F81  A$pff$3814                         pff
     00009F83  A$pff$3815                         pff
     00009F84  A$pff$3817                         pff
     00009F86  A$pff$3818                         pff
     00009F89  A$pff$3820                         pff
     00009F8B  A$pff$3824                         pff
     00009F8B  C$pff.c$1037$2_0$399               pff
     00009F8D  A$pff$3825                         pff
     00009F90  A$pff$3827                         pff
     00009F92  A$pff$3829                         pff
     00009F94  A$pff$3830                         pff
     00009F95  A$pff$3832                         pff
     00009F98  A$pff$3833                         pff
     00009F9A  A$pff$3835                         pff
     00009F9C  A$pff$3836                         pff
     00009F9E  A$pff$3837                         pff
     00009F9F  A$pff$3842                         pff
     00009F9F  C$pff.c$1038$2_0$399               pff
     00009FA1  A$pff$3843                         pff
     00009FA3  A$pff$3845                         pff
     00009FA5  A$pff$3846                         pff
     00009FA7  A$pff$3847                         pff
     00009FA9  A$pff$3848                         pff
ASxxxx Linker V03.00 + NoICE + sdld,  page 105.
Hexadecimal  [32-Bits]

Area                                    Addr        Size        Decimal Bytes (Attributes)
--------------------------------        ----        ----        ------- ----- ------------
CODE                                0000810D    00001FDA =        8154. bytes (REL,CON)

      Value  Global                              Global Defined In Module
      -----  --------------------------------   ------------------------
     00009FAB  A$pff$3849                         pff
     00009FAD  A$pff$3851                         pff
     00009FAF  A$pff$3852                         pff
     00009FB1  A$pff$3853                         pff
     00009FB4  A$pff$3858                         pff
     00009FB4  C$pff.c$1039$3_0$408               pff
     00009FB5  A$pff$3859                         pff
     00009FB6  A$pff$3860                         pff
     00009FB7  A$pff$3861                         pff
     00009FB8  A$pff$3863                         pff
     00009FB9  A$pff$3864                         pff
     00009FBA  A$pff$3866                         pff
     00009FBD  A$pff$3867                         pff
     00009FBF  A$pff$3869                         pff
     00009FC0  A$pff$3870                         pff
     00009FC2  A$pff$3871                         pff
     00009FC5  A$pff$3874                         pff
     00009FC7  A$pff$3875                         pff
     00009FC8  A$pff$3877                         pff
     00009FCA  A$pff$3878                         pff
     00009FCD  A$pff$3884                         pff
     00009FCD  C$pff.c$1040$3_0$408               pff
     00009FCF  A$pff$3885                         pff
     00009FD0  A$pff$3887                         pff
     00009FD2  A$pff$3889                         pff
     00009FD4  A$pff$3890                         pff
     00009FD5  A$pff$3892                         pff
     00009FD8  A$pff$3898                         pff
     00009FD8  C$pff.c$1044$1_0$394               pff
     00009FD9  A$pff$3904                         pff
     00009FDB  A$pff$3907                         pff
     00009FDB  C$pff.c$1045$1_0$394               pff
     00009FDB  XG$pf_write$0$0                    pff
     00009FDC  A$stm8s_it$87                      stm8s_it
     00009FDC  C$stm8s_it.c$62$0_0$313            stm8s_it
     00009FDC  C$stm8s_it.c$67$0_0$313            stm8s_it
     00009FDC  G$TRAP_IRQHandler$0$0              stm8s_it
     00009FDC  XG$TRAP_IRQHandler$0$0             stm8s_it
     00009FDC  _TRAP_IRQHandler                   stm8s_it
     00009FDD  A$stm8s_it$105                     stm8s_it
     00009FDD  C$stm8s_it.c$73$0_0$315            stm8s_it
     00009FDD  C$stm8s_it.c$78$0_0$315            stm8s_it
     00009FDD  G$TLI_IRQHandler$0$0               stm8s_it
     00009FDD  XG$TLI_IRQHandler$0$0              stm8s_it
     00009FDD  _TLI_IRQHandler                    stm8s_it
     00009FDE  A$stm8s_it$123                     stm8s_it
     00009FDE  C$stm8s_it.c$85$0_0$317            stm8s_it
     00009FDE  C$stm8s_it.c$90$0_0$317            stm8s_it
     00009FDE  G$AWU_IRQHandler$0$0               stm8s_it
     00009FDE  XG$AWU_IRQHandler$0$0              stm8s_it
     00009FDE  _AWU_IRQHandler                    stm8s_it
ASxxxx Linker V03.00 + NoICE + sdld,  page 106.
Hexadecimal  [32-Bits]

Area                                    Addr        Size        Decimal Bytes (Attributes)
--------------------------------        ----        ----        ------- ----- ------------
CODE                                0000810D    00001FDA =        8154. bytes (REL,CON)

      Value  Global                              Global Defined In Module
      -----  --------------------------------   ------------------------
     00009FDF  A$stm8s_it$141                     stm8s_it
     00009FDF  C$stm8s_it.c$102$0_0$319           stm8s_it
     00009FDF  C$stm8s_it.c$97$0_0$319            stm8s_it
     00009FDF  G$CLK_IRQHandler$0$0               stm8s_it
     00009FDF  XG$CLK_IRQHandler$0$0              stm8s_it
     00009FDF  _CLK_IRQHandler                    stm8s_it
     00009FE0  A$stm8s_it$159                     stm8s_it
     00009FE0  C$stm8s_it.c$109$0_0$321           stm8s_it
     00009FE0  C$stm8s_it.c$114$0_0$321           stm8s_it
     00009FE0  G$EXTI_PORTA_IRQHandler$0$0        stm8s_it
     00009FE0  XG$EXTI_PORTA_IRQHandler$0$0       stm8s_it
     00009FE0  _EXTI_PORTA_IRQHandler             stm8s_it
     00009FE1  A$stm8s_it$177                     stm8s_it
     00009FE1  C$stm8s_it.c$121$0_0$323           stm8s_it
     00009FE1  C$stm8s_it.c$126$0_0$323           stm8s_it
     00009FE1  G$EXTI_PORTB_IRQHandler$0$0        stm8s_it
     00009FE1  XG$EXTI_PORTB_IRQHandler$0$0       stm8s_it
     00009FE1  _EXTI_PORTB_IRQHandler             stm8s_it
     00009FE2  A$stm8s_it$195                     stm8s_it
     00009FE2  C$stm8s_it.c$133$0_0$325           stm8s_it
     00009FE2  C$stm8s_it.c$138$0_0$325           stm8s_it
     00009FE2  G$EXTI_PORTC_IRQHandler$0$0        stm8s_it
     00009FE2  XG$EXTI_PORTC_IRQHandler$0$0       stm8s_it
     00009FE2  _EXTI_PORTC_IRQHandler             stm8s_it
     00009FE3  A$stm8s_it$213                     stm8s_it
     00009FE3  C$stm8s_it.c$145$0_0$327           stm8s_it
     00009FE3  C$stm8s_it.c$150$0_0$327           stm8s_it
     00009FE3  G$EXTI_PORTD_IRQHandler$0$0        stm8s_it
     00009FE3  XG$EXTI_PORTD_IRQHandler$0$0       stm8s_it
     00009FE3  _EXTI_PORTD_IRQHandler             stm8s_it
     00009FE4  A$stm8s_it$231                     stm8s_it
     00009FE4  C$stm8s_it.c$157$0_0$329           stm8s_it
     00009FE4  C$stm8s_it.c$162$0_0$329           stm8s_it
     00009FE4  G$EXTI_PORTE_IRQHandler$0$0        stm8s_it
     00009FE4  XG$EXTI_PORTE_IRQHandler$0$0       stm8s_it
     00009FE4  _EXTI_PORTE_IRQHandler             stm8s_it
     00009FE5  A$stm8s_it$249                     stm8s_it
     00009FE5  C$stm8s_it.c$208$0_0$331           stm8s_it
     00009FE5  C$stm8s_it.c$213$0_0$331           stm8s_it
     00009FE5  G$SPI_IRQHandler$0$0               stm8s_it
     00009FE5  XG$SPI_IRQHandler$0$0              stm8s_it
     00009FE5  _SPI_IRQHandler                    stm8s_it
     00009FE6  A$stm8s_it$267                     stm8s_it
     00009FE6  C$stm8s_it.c$220$0_0$333           stm8s_it
     00009FE6  C$stm8s_it.c$225$0_0$333           stm8s_it
     00009FE6  G$TIM1_UPD_OVF_TRG_BRK_IRQHandle   stm8s_it
     00009FE6  XG$TIM1_UPD_OVF_TRG_BRK_IRQHandl   stm8s_it
     00009FE6  _TIM1_UPD_OVF_TRG_BRK_IRQHandler   stm8s_it
     00009FE7  A$stm8s_it$285                     stm8s_it
     00009FE7  C$stm8s_it.c$232$0_0$335           stm8s_it
     00009FE7  C$stm8s_it.c$237$0_0$335           stm8s_it
ASxxxx Linker V03.00 + NoICE + sdld,  page 107.
Hexadecimal  [32-Bits]

Area                                    Addr        Size        Decimal Bytes (Attributes)
--------------------------------        ----        ----        ------- ----- ------------
CODE                                0000810D    00001FDA =        8154. bytes (REL,CON)

      Value  Global                              Global Defined In Module
      -----  --------------------------------   ------------------------
     00009FE7  G$TIM1_CAP_COM_IRQHandler$0$0      stm8s_it
     00009FE7  XG$TIM1_CAP_COM_IRQHandler$0$0     stm8s_it
     00009FE7  _TIM1_CAP_COM_IRQHandler           stm8s_it
     00009FE8  A$stm8s_it$303                     stm8s_it
     00009FE8  C$stm8s_it.c$269$0_0$337           stm8s_it
     00009FE8  C$stm8s_it.c$274$0_0$337           stm8s_it
     00009FE8  G$TIM2_UPD_OVF_BRK_IRQHandler$0$   stm8s_it
     00009FE8  XG$TIM2_UPD_OVF_BRK_IRQHandler$0   stm8s_it
     00009FE8  _TIM2_UPD_OVF_BRK_IRQHandler       stm8s_it
     00009FE9  A$stm8s_it$321                     stm8s_it
     00009FE9  C$stm8s_it.c$281$0_0$339           stm8s_it
     00009FE9  C$stm8s_it.c$286$0_0$339           stm8s_it
     00009FE9  G$TIM2_CAP_COM_IRQHandler$0$0      stm8s_it
     00009FE9  XG$TIM2_CAP_COM_IRQHandler$0$0     stm8s_it
     00009FE9  _TIM2_CAP_COM_IRQHandler           stm8s_it
     00009FEA  A$stm8s_it$339                     stm8s_it
     00009FEA  C$stm8s_it.c$323$0_0$341           stm8s_it
     00009FEA  C$stm8s_it.c$328$0_0$341           stm8s_it
     00009FEA  G$UART1_TX_IRQHandler$0$0          stm8s_it
     00009FEA  XG$UART1_TX_IRQHandler$0$0         stm8s_it
     00009FEA  _UART1_TX_IRQHandler               stm8s_it
     00009FEB  A$stm8s_it$357                     stm8s_it
     00009FEB  C$stm8s_it.c$335$0_0$343           stm8s_it
     00009FEB  C$stm8s_it.c$340$0_0$343           stm8s_it
     00009FEB  G$UART1_RX_IRQHandler$0$0          stm8s_it
     00009FEB  XG$UART1_RX_IRQHandler$0$0         stm8s_it
     00009FEB  _UART1_RX_IRQHandler               stm8s_it
     00009FEC  A$stm8s_it$375                     stm8s_it
     00009FEC  C$stm8s_it.c$348$0_0$345           stm8s_it
     00009FEC  C$stm8s_it.c$353$0_0$345           stm8s_it
     00009FEC  G$I2C_IRQHandler$0$0               stm8s_it
     00009FEC  XG$I2C_IRQHandler$0$0              stm8s_it
     00009FEC  _I2C_IRQHandler                    stm8s_it
     00009FED  A$stm8s_it$387                     stm8s_it
     00009FED  C$stm8s_it.c$428$0_0$346           stm8s_it
     00009FED  G$ADC1_IRQHandler$0$0              stm8s_it
     00009FED  _ADC1_IRQHandler                   stm8s_it
     00009FEE  A$stm8s_it$391                     stm8s_it
     00009FEE  C$stm8s_it.c$430$1_0$346           stm8s_it
     00009FF1  A$stm8s_it$402                     stm8s_it
     00009FF1  C$stm8s_it.c$434$1_0$346           stm8s_it
     00009FF1  C$stm8s_it.c$436$1_0$346           stm8s_it
     00009FF1  XG$ADC1_IRQHandler$0$0             stm8s_it
     00009FF2  A$stm8s_it$414                     stm8s_it
     00009FF2  C$stm8s_it.c$457$1_0$347           stm8s_it
     00009FF2  G$TIM4_UPD_OVF_IRQHandler$0$0      stm8s_it
     00009FF2  _TIM4_UPD_OVF_IRQHandler           stm8s_it
     00009FF3  A$stm8s_it$418                     stm8s_it
     00009FF3  C$stm8s_it.c$462$1_0$347           stm8s_it
     00009FF6  A$stm8s_it$426                     stm8s_it
     00009FF6  C$stm8s_it.c$463$1_0$347           stm8s_it
ASxxxx Linker V03.00 + NoICE + sdld,  page 108.
Hexadecimal  [32-Bits]

Area                                    Addr        Size        Decimal Bytes (Attributes)
--------------------------------        ----        ----        ------- ----- ------------
CODE                                0000810D    00001FDA =        8154. bytes (REL,CON)

      Value  Global                              Global Defined In Module
      -----  --------------------------------   ------------------------
     00009FF6  XG$TIM4_UPD_OVF_IRQHandler$0$0     stm8s_it
     00009FF7  A$stm8s_it$444                     stm8s_it
     00009FF7  C$stm8s_it.c$471$1_0$349           stm8s_it
     00009FF7  C$stm8s_it.c$476$1_0$349           stm8s_it
     00009FF7  G$EEPROM_EEC_IRQHandler$0$0        stm8s_it
     00009FF7  XG$EEPROM_EEC_IRQHandler$0$0       stm8s_it
     00009FF7  _EEPROM_EEC_IRQHandler             stm8s_it
     00009FF8  __mulint                           
     0000A011  __divulong                         
     0000A06B  __mullong                          
ASxxxx Linker V03.00 + NoICE + sdld,  page 109.

Files Linked                              [ module(s) ]

STM8S003/main.rel                         [ main ]
STM8S003/button.rel                       [ button ]
STM8S003/diskio.rel                       [ diskio ]
STM8S003/dly.rel                          [ dly ]
STM8S003/led_matrix.rel                   [ led_matrix ]
STM8S003/leds.rel                         [ leds ]
STM8S003/adc.rel                          [ adc ]
STM8S003/mmcsd.rel                        [ mmcsd ]
STM8S003/pff.rel                          [ pff ]
STM8S003/stm8s_it.rel                     [ stm8s_it ]


Libraries Linked                          [ object file ]

/usr/share/sdcc/lib/stm8/stm8.lib         [ _mulint.rel ]
/usr/share/sdcc/lib/stm8/stm8.lib         [ _divulong.rel ]
/usr/share/sdcc/lib/stm8/stm8.lib         [ _mullong.rel ]

ASxxxx Linker V03.00 + NoICE + sdld,  page 110.

User Base Address Definitions

HOME = 0x8000
DATA = 0x0001

