ASxxxx Linker V03.00 + NoICE + sdld,  page 1.
Hexadecimal  [32-Bits]

Area                                    Addr        Size        Decimal Bytes (Attributes)
--------------------------------        ----        ----        ------- ----- ------------
.  .ABS.                            00000000    00000000 =           0. bytes (ABS,CON)

      Value  Global                              Global Defined In Module
      -----  --------------------------------   ------------------------
     00000000  .__.ABS.                           
     00000000  l_CABS                          
     00000000  l_DABS                          
     00000000  l__CODE                         
     00000000  s_CABS                          
     00000000  s_DABS                          
     00000000  s__CODE                         
     00000001  l_SSEG                          
     00000001  s_DATA                          
     00000003  l_GSFINAL                       
     00000007  l_INITIALIZED                   
     00000007  l_INITIALIZER                   
     0000003B  l_GSINIT                        
     00000064  l_CONST                         
     0000006F  l_HOME                          
     00000268  l_DATA                          
     00000269  s_INITIALIZED                   
     00001D49  l_CODE                          
     00008000  s_HOME                          
     0000806F  s_GSINIT                        
     000080AA  s_GSFINAL                       
     000080AD  s_CONST                         
     00008111  s_INITIALIZER                   
     00008118  s_CODE                          
     00009E61  s_SSEG                          

ASxxxx Linker V03.00 + NoICE + sdld,  page 2.
Hexadecimal  [32-Bits]

Area                                    Addr        Size        Decimal Bytes (Attributes)
--------------------------------        ----        ----        ------- ----- ------------
DATA                                00000001    00000268 =         616. bytes (REL,CON)

      Value  Global                              Global Defined In Module
      -----  --------------------------------   ------------------------
     00000001  _buffer_rdy                        adc
     00000002  _adcBuffer0                        adc
     00000102  _adcBuffer1                        adc
     0000020D  _sysTick                           dly
     00000211  _buttonState                       dly
     00000217  _led_ticks                         led_matrix
     00000258  _loggerCfg                         main

ASxxxx Linker V03.00 + NoICE + sdld,  page 3.
Hexadecimal  [32-Bits]

Area                                    Addr        Size        Decimal Bytes (Attributes)
--------------------------------        ----        ----        ------- ----- ------------
INITIALIZED                         00000269    00000007 =           7. bytes (REL,CON)

      Value  Global                              Global Defined In Module
      -----  --------------------------------   ------------------------
ASxxxx Linker V03.00 + NoICE + sdld,  page 4.
Hexadecimal  [32-Bits]

Area                                    Addr        Size        Decimal Bytes (Attributes)
--------------------------------        ----        ----        ------- ----- ------------
HOME                                00008000    0000006F =         111. bytes (REL,CON)

      Value  Global                              Global Defined In Module
      -----  --------------------------------   ------------------------
ASxxxx Linker V03.00 + NoICE + sdld,  page 5.
Hexadecimal  [32-Bits]

Area                                    Addr        Size        Decimal Bytes (Attributes)
--------------------------------        ----        ----        ------- ----- ------------
GSINIT                              0000806F    0000003B =          59. bytes (REL,CON)

      Value  Global                              Global Defined In Module
      -----  --------------------------------   ------------------------
ASxxxx Linker V03.00 + NoICE + sdld,  page 6.
Hexadecimal  [32-Bits]

Area                                    Addr        Size        Decimal Bytes (Attributes)
--------------------------------        ----        ----        ------- ----- ------------
GSFINAL                             000080AA    00000003 =           3. bytes (REL,CON)

      Value  Global                              Global Defined In Module
      -----  --------------------------------   ------------------------
ASxxxx Linker V03.00 + NoICE + sdld,  page 7.
Hexadecimal  [32-Bits]

Area                                    Addr        Size        Decimal Bytes (Attributes)
--------------------------------        ----        ----        ------- ----- ------------
CONST                               000080AD    00000064 =         100. bytes (REL,CON)

      Value  Global                              Global Defined In Module
      -----  --------------------------------   ------------------------
     000080AD  _leds_anode                        leds
     000080DD  _leds_cathode                      leds

ASxxxx Linker V03.00 + NoICE + sdld,  page 8.
Hexadecimal  [32-Bits]

Area                                    Addr        Size        Decimal Bytes (Attributes)
--------------------------------        ----        ----        ------- ----- ------------
INITIALIZER                         00008111    00000007 =           7. bytes (REL,CON)

      Value  Global                              Global Defined In Module
      -----  --------------------------------   ------------------------
ASxxxx Linker V03.00 + NoICE + sdld,  page 9.
Hexadecimal  [32-Bits]

Area                                    Addr        Size        Decimal Bytes (Attributes)
--------------------------------        ----        ----        ------- ----- ------------
CODE                                00008118    00001D49 =        7497. bytes (REL,CON)

      Value  Global                              Global Defined In Module
      -----  --------------------------------   ------------------------
     00008167  _adcInit                           adc
     00008253  _adcIsr                            adc
     0000827B  _disk_initialize                   diskio
     0000828F  _disk_readp                        diskio
     00008364  _disk_writep                       diskio
     000084A5  _sysTickInit                       dly
     000084C7  _dly                               dly
     000084E6  _ButtonStateUpdate                 dly
     0000856B  _ButtonInit                        dly
     0000857C  _systemTickIsr                     dly
     00008599  _ReadButtonState                   dly
     000085A1  _LedMatrixInit                     led_matrix
     000085A4  _SetLedMode                        led_matrix
     000086D9  _UpdateLeds                        led_matrix
     00008761  _LedsInit                          leds
     00008778  _UpdateLedState                    leds
     000087AE  _SetLedRaw                         leds
     00008871  _GetLedState                       leds
     0000888E  _SetLedState                       leds
     000088B8  _main                              main
     00008D45  _assert_failed                     main
     00008D48  _SD_Init                           mmcsd
     00008D88  _SD_Detect                         mmcsd
     00008D90  _SD_SendCmd                        mmcsd
     00008DEC  _SD_GetDataResponse                mmcsd
     00008E46  _SD_GetResponse                    mmcsd
     00008E74  _SD_GetResponseVal                 mmcsd
     00008EBE  _SD_GoIdleState                    mmcsd
     00008FED  _SD_WriteByte                      mmcsd
     00009004  _SD_ReadByte                       mmcsd
     00009019  _SD_LowLevel_Init                  mmcsd
     0000961A  _pf_mount                          pff
     00009868  _pf_open                           pff
     000098F9  _pf_read                           pff
     00009AE7  _pf_write                          pff
     00009D56  _TRAP_IRQHandler                   stm8s_it
     00009D57  _TLI_IRQHandler                    stm8s_it
     00009D58  _AWU_IRQHandler                    stm8s_it
     00009D59  _CLK_IRQHandler                    stm8s_it
     00009D5A  _EXTI_PORTA_IRQHandler             stm8s_it
     00009D5B  _EXTI_PORTB_IRQHandler             stm8s_it
     00009D5C  _EXTI_PORTC_IRQHandler             stm8s_it
     00009D5D  _EXTI_PORTD_IRQHandler             stm8s_it
     00009D5E  _EXTI_PORTE_IRQHandler             stm8s_it
     00009D5F  _SPI_IRQHandler                    stm8s_it
     00009D60  _TIM1_UPD_OVF_TRG_BRK_IRQHandler   stm8s_it
     00009D61  _TIM1_CAP_COM_IRQHandler           stm8s_it
     00009D62  _TIM2_UPD_OVF_BRK_IRQHandler       stm8s_it
     00009D63  _TIM2_CAP_COM_IRQHandler           stm8s_it
     00009D64  _UART1_TX_IRQHandler               stm8s_it
ASxxxx Linker V03.00 + NoICE + sdld,  page 10.
Hexadecimal  [32-Bits]

Area                                    Addr        Size        Decimal Bytes (Attributes)
--------------------------------        ----        ----        ------- ----- ------------
CODE                                00008118    00001D49 =        7497. bytes (REL,CON)

      Value  Global                              Global Defined In Module
      -----  --------------------------------   ------------------------
     00009D65  _UART1_RX_IRQHandler               stm8s_it
     00009D66  _I2C_IRQHandler                    stm8s_it
     00009D67  _ADC1_IRQHandler                   stm8s_it
     00009D6C  _TIM4_UPD_OVF_IRQHandler           stm8s_it
     00009D71  _EEPROM_EEC_IRQHandler             stm8s_it
     00009D72  __mulint                           
     00009D8B  __divulong                         
     00009DE5  __mullong                          

ASxxxx Linker V03.00 + NoICE + sdld,  page 11.
Hexadecimal  [32-Bits]

Area                                    Addr        Size        Decimal Bytes (Attributes)
--------------------------------        ----        ----        ------- ----- ------------
SSEG                                00009E61    00000001 =           1. bytes (REL,CON)

      Value  Global                              Global Defined In Module
      -----  --------------------------------   ------------------------
ASxxxx Linker V03.00 + NoICE + sdld,  page 12.

Files Linked                              [ module(s) ]

STM8S003/adc.rel                          [ adc ]
STM8S003/diskio.rel                       [ diskio ]
STM8S003/dly.rel                          [ dly ]
STM8S003/led_matrix.rel                   [ led_matrix ]
STM8S003/leds.rel                         [ leds ]
STM8S003/main.rel                         [ main ]
STM8S003/mmcsd.rel                        [ mmcsd ]
STM8S003/pff.rel                          [ pff ]
STM8S003/stm8s_it.rel                     [ stm8s_it ]


Libraries Linked                          [ object file ]

/usr/share/sdcc/lib/stm8/stm8.lib         [ _mulint.rel ]
/usr/share/sdcc/lib/stm8/stm8.lib         [ _divulong.rel ]
/usr/share/sdcc/lib/stm8/stm8.lib         [ _mullong.rel ]

ASxxxx Linker V03.00 + NoICE + sdld,  page 13.

User Base Address Definitions

HOME = 0x8000
DATA = 0x0001

