
Map of Debug\stm8sdatalogger.sm8 from link file Debug\stm8sdatalogger.lkf - Sat Mar  2 00:25:12 2024


                               --------
                               Segments
                               --------

start 00008080 end 000080aa length    42 segment .const
start 000080c3 end 00009a23 length  6496 segment .text
start 00004000 end 00004000 length     0 segment .eeprom
start 00000000 end 00000007 length     7 segment .bsct, initialized
start 000080b7 end 000080be length     7 segment .bsct, from
start 00000007 end 0000003c length    53 segment .ubsct
start 0000003c end 0000003c length     0 segment .bit
start 0000003c end 0000003c length     0 segment .share
start 00000100 end 00000105 length     5 segment .data, initialized
start 000080be end 000080c3 length     5 segment .data, from
start 00000105 end 0000030b length   518 segment .bss
start 00000000 end 00000a2a length  2602 segment .info.
start 00000000 end 0000294e length 10574 segment .debug
start 00008000 end 00008080 length   128 segment .const
start 000080aa end 000080b7 length    13 segment .init


                               -------
                               Modules
                               -------

C:\Program Files (x86)\COSMIC\FSE_Compilers\CXSTM8\Lib\crtsi0.sm8:
start 000080c3 end 00008113 length    80 section .text
start 00000105 end 00000105 length     0 section .bss
start 00000007 end 00000007 length     0 section .ubsct
start 00000000 end 00000033 length    51 section .info.

Debug\adc.o:
start 00008113 end 0000827a length   359 section .text
start 00000100 end 00000101 length     1 section .data
start 00000105 end 00000309 length   516 section .bss
start 00000007 end 0000000a length     3 section .ubsct
start 00000000 end 00000335 length   821 section .debug
start 00000033 end 000000a8 length   117 section .info.

Debug\dly.o:
start 0000827a end 000082fc length   130 section .text
start 0000000a end 0000000e length     4 section .ubsct
start 00000335 end 000004ed length   440 section .debug
start 000000a8 end 0000011d length   117 section .info.

Debug\diskio.o:
start 000082fc end 00008492 length   406 section .text
start 00000101 end 00000105 length     4 section .data
start 000004ed end 000007a4 length   695 section .debug
start 0000011d end 00000195 length   120 section .info.
start 00008080 end 00008084 length     4 section .const

Debug\pff.o:
start 00008492 end 00008f52 length  2752 section .text
start 00000309 end 0000030b length     2 section .bss
start 000007a4 end 0000181b length  4215 section .debug
start 00000195 end 0000020a length   117 section .info.
start 00008084 end 00008090 length    12 section .const

Debug\led.o:
start 00008f52 end 00008f6f length    29 section .text
start 0000000e end 00000016 length     8 section .ubsct
start 0000181b end 0000194e length   307 section .debug
start 0000020a end 0000027f length   117 section .info.

Debug\mmcsd.o:
start 00008f6f end 0000920f length   672 section .text
start 0000194e end 00001e22 length  1236 section .debug
start 0000027f end 000002f6 length   119 section .info.
start 00008090 end 000080a2 length    18 section .const

Debug\main.o:
start 0000920f end 00009639 length  1066 section .text
start 00000000 end 00000007 length     7 section .bsct
start 00000016 end 00000032 length    28 section .ubsct
start 00001e22 end 000027e3 length  2497 section .debug
start 000002f6 end 0000036c length   118 section .info.
start 000080a2 end 000080aa length     8 section .const

(C:\Program Files (x86)\COSMIC\FSE_Compilers\CXSTM8\Lib\libm0.sm8)bmulx.o:
start 00009639 end 00009647 length    14 section .text
start 0000036c end 0000039b length    47 section .info.

(C:\Program Files (x86)\COSMIC\FSE_Compilers\CXSTM8\Lib\libm0.sm8)imul.o:
start 00009647 end 0000966b length    36 section .text
start 0000039b end 000003c9 length    46 section .info.

(C:\Program Files (x86)\COSMIC\FSE_Compilers\CXSTM8\Lib\libm0.sm8)ladc.o:
start 0000966b end 0000967c length    17 section .text
start 000003c9 end 000003f7 length    46 section .info.

(C:\Program Files (x86)\COSMIC\FSE_Compilers\CXSTM8\Lib\libm0.sm8)ladd.o:
start 0000967c end 00009694 length    24 section .text
start 000003f7 end 00000425 length    46 section .info.

(C:\Program Files (x86)\COSMIC\FSE_Compilers\CXSTM8\Lib\libm0.sm8)land.o:
start 00009694 end 000096ac length    24 section .text
start 00000425 end 00000453 length    46 section .info.

(C:\Program Files (x86)\COSMIC\FSE_Compilers\CXSTM8\Lib\libm0.sm8)lcmp.o:
start 000096ac end 000096cc length    32 section .text
start 00000453 end 00000481 length    46 section .info.

(C:\Program Files (x86)\COSMIC\FSE_Compilers\CXSTM8\Lib\libm0.sm8)lgadc.o:
start 000096cc end 000096dc length    16 section .text
start 00000481 end 000004b0 length    47 section .info.

(C:\Program Files (x86)\COSMIC\FSE_Compilers\CXSTM8\Lib\libm0.sm8)lgadd.o:
start 000096dc end 000096f3 length    23 section .text
start 000004b0 end 000004df length    47 section .info.

(C:\Program Files (x86)\COSMIC\FSE_Compilers\CXSTM8\Lib\libm0.sm8)lglsh.o:
start 000096f3 end 00009701 length    14 section .text
start 000004df end 0000050e length    47 section .info.

(C:\Program Files (x86)\COSMIC\FSE_Compilers\CXSTM8\Lib\libm0.sm8)lgmul.o:
start 00009701 end 00009709 length     8 section .text
start 0000050e end 0000053d length    47 section .info.

(C:\Program Files (x86)\COSMIC\FSE_Compilers\CXSTM8\Lib\libm0.sm8)lgor.o:
start 00009709 end 00009720 length    23 section .text
start 0000053d end 0000056b length    46 section .info.

(C:\Program Files (x86)\COSMIC\FSE_Compilers\CXSTM8\Lib\libm0.sm8)lgsbc.o:
start 00009720 end 00009736 length    22 section .text
start 0000056b end 0000059a length    47 section .info.

(C:\Program Files (x86)\COSMIC\FSE_Compilers\CXSTM8\Lib\libm0.sm8)llsh.o:
start 00009736 end 00009745 length    15 section .text
start 0000059a end 000005c8 length    46 section .info.

(C:\Program Files (x86)\COSMIC\FSE_Compilers\CXSTM8\Lib\libm0.sm8)lmul.o:
start 00009745 end 000097d0 length   139 section .text
start 000005c8 end 000005f6 length    46 section .info.

(C:\Program Files (x86)\COSMIC\FSE_Compilers\CXSTM8\Lib\libm0.sm8)lor.o:
start 000097d0 end 000097e8 length    24 section .text
start 000005f6 end 00000623 length    45 section .info.

(C:\Program Files (x86)\COSMIC\FSE_Compilers\CXSTM8\Lib\libm0.sm8)lreg.o:
start 00000032 end 00000036 length     4 section .ubsct
start 00000623 end 00000651 length    46 section .info.

(C:\Program Files (x86)\COSMIC\FSE_Compilers\CXSTM8\Lib\libm0.sm8)lrzmp.o:
start 000097e8 end 000097fc length    20 section .text
start 00000651 end 00000680 length    47 section .info.

(C:\Program Files (x86)\COSMIC\FSE_Compilers\CXSTM8\Lib\libm0.sm8)lsbc.o:
start 000097fc end 00009813 length    23 section .text
start 00000680 end 000006ae length    46 section .info.

(C:\Program Files (x86)\COSMIC\FSE_Compilers\CXSTM8\Lib\libm0.sm8)lsub.o:
start 00009813 end 0000982b length    24 section .text
start 000006ae end 000006dc length    46 section .info.

(C:\Program Files (x86)\COSMIC\FSE_Compilers\CXSTM8\Lib\libm0.sm8)ltor.o:
start 0000982b end 0000983d length    18 section .text
start 000006dc end 0000070a length    46 section .info.

(C:\Program Files (x86)\COSMIC\FSE_Compilers\CXSTM8\Lib\libm0.sm8)ludiv.o:
start 0000983d end 00009851 length    20 section .text
start 0000070a end 00000739 length    47 section .info.

(C:\Program Files (x86)\COSMIC\FSE_Compilers\CXSTM8\Lib\libm0.sm8)ldiv.o:
start 00009851 end 0000993c length   235 section .text
start 00000739 end 00000767 length    46 section .info.

(C:\Program Files (x86)\COSMIC\FSE_Compilers\CXSTM8\Lib\libm0.sm8)lgneg.o:
start 0000993c end 0000994f length    19 section .text
start 00000767 end 00000796 length    47 section .info.

(C:\Program Files (x86)\COSMIC\FSE_Compilers\CXSTM8\Lib\libm0.sm8)lneg.o:
start 0000994f end 00009964 length    21 section .text
start 00000796 end 000007c4 length    46 section .info.

(C:\Program Files (x86)\COSMIC\FSE_Compilers\CXSTM8\Lib\libm0.sm8)lursh.o:
start 00009964 end 00009973 length    15 section .text
start 000007c4 end 000007f3 length    47 section .info.

(C:\Program Files (x86)\COSMIC\FSE_Compilers\CXSTM8\Lib\libm0.sm8)lzmp.o:
start 00009973 end 00009986 length    19 section .text
start 000007f3 end 00000821 length    46 section .info.

(C:\Program Files (x86)\COSMIC\FSE_Compilers\CXSTM8\Lib\libm0.sm8)rtol.o:
start 00009986 end 00009998 length    18 section .text
start 00000821 end 0000084f length    46 section .info.

(C:\Program Files (x86)\COSMIC\FSE_Compilers\CXSTM8\Lib\libm0.sm8)utolx.o:
start 00009998 end 0000999f length     7 section .text
start 0000084f end 0000087e length    47 section .info.

(C:\Program Files (x86)\COSMIC\FSE_Compilers\CXSTM8\Lib\libm0.sm8)utoly.o:
start 0000999f end 000099a7 length     8 section .text
start 0000087e end 000008ad length    47 section .info.

(C:\Program Files (x86)\COSMIC\FSE_Compilers\CXSTM8\Lib\libm0.sm8)umul.o:
start 000099a7 end 000099e3 length    60 section .text
start 000008ad end 000008db length    46 section .info.

(C:\Program Files (x86)\COSMIC\FSE_Compilers\CXSTM8\Lib\libm0.sm8)xreg.o:
start 00000036 end 00000039 length     3 section .ubsct
start 000008db end 00000909 length    46 section .info.

(C:\Program Files (x86)\COSMIC\FSE_Compilers\CXSTM8\Lib\libm0.sm8)xymov.o:
start 000099e3 end 00009a22 length    63 section .text
start 00000909 end 00000938 length    47 section .info.

(C:\Program Files (x86)\COSMIC\FSE_Compilers\CXSTM8\Lib\libm0.sm8)yreg.o:
start 00000039 end 0000003c length     3 section .ubsct
start 00000938 end 00000966 length    46 section .info.

Debug\stm8_interrupt_vector.o:
start 00009a22 end 00009a23 length     1 section .text
start 000027e3 end 0000294e length   363 section .debug
start 00000966 end 000009ed length   135 section .info.
start 00008000 end 00008080 length   128 section .const


                             -----------
                             Stack usage
                             -----------

Debug\adc.o:
L11_NextByte                2   (2)
L31_NextChannel             4   (4)
L51_GetChannelNo            6   (6)
L71_tim1Init               28   (14)
_adcInit                   30   (2)
f_adcIsr               >   17   (13)

Debug\diskio.o:
_disk_initialize           40   (2)
_disk_readp                38   (17)
_disk_writep               30   (9)

Debug\dly.o:
L3_tim4Init                 2   (2)
_dly                       13   (10)
_sysTickInit                4   (2)
f_systemTickIsr        >   13   (10)

Debug\led.o:
L3_gpioInit                 2   (2)
_LedInit                    4   (2)

Debug\main.o:
L31_Wr2SD                  82   (9)
_ConvertFileName           12   (8)
_GetCfg                    26   (14)
_GetNxtFileName             4   (4)
_IsValidCfgBuf              7   (7)
_clkInit                    2   (2)
_main                  >  200   (52)

Debug\mmcsd.o:
_SD_Detect                  3   (3)
_SD_GetDataResponse        11   (8)
_SD_GetResponse            10   (7)
_SD_GetResponseVal         15   (5)
_SD_GoIdleState            31   (10)
_SD_Init                   38   (7)
_SD_LowLevel_Init           2   (2)
_SD_ReadByte                3   (3)
_SD_SendCmd                21   (18)
_SD_WriteByte               3   (3)

Debug\pff.o:
L123_get_clust             16   (10)
L135_dir_find              72   (8)
L153_dir_rewind            28   (10)
L167_check_fs              46   (8)
L306_create_name           25   (15)
L354_dir_next              64   (14)
L372_clust2sect            18   (12)
L376_follow_path           81   (9)
L53_ld_dword               15   (12)
L5_ld_word                  6   (6)
L711_mem_cmp               14   (14)
L75_mem_set                10   (10)
L761_get_fat               50   (12)
_pf_mount                 107   (61)
_pf_open                  148   (67)
_pf_read                   73   (23)
_pf_write                  73   (23)

Debug\stm8_interrupt_vector.o:
f_NonHandledInterrupt  >    6   (6)

Stack size: 217


                              ---------
                              Call tree
                              ---------
   1 > __stext: (0)

   2 > _main: (52)
   3      + L31_Wr2SD: (9)
   4      |    + _pf_write: (23)
   5      |    |    + L372_clust2sect: (12)
   6      |    |    + L761_get_fat: (12)
   7      |    |    |    + L53_ld_dword: (12)
   8      |    |    |    + _disk_readp: (17)
   9      |    |    |    |    + _SD_GetResponse: (7)
  10      |    |    |    |    |    + _SD_ReadByte: (3)
          |    |    |    |    | 
  11      |    |    |    |    + _SD_ReadByte --> 10
  12      |    |    |    |    + _SD_SendCmd: (18)
  13      |    |    |    |    |    + _SD_WriteByte: (3)
          |    |    |    |    | 
  14      |    |    |    |    + _SD_WriteByte --> 13
          |    |    |    | 
          |    |    | 
  15      |    |    + _disk_writep: (9)
  16      |    |    |    + _SD_GetDataResponse: (8)
  17      |    |    |    |    + _SD_ReadByte --> 10
          |    |    |    | 
  18      |    |    |    + _SD_GetResponse --> 9
  19      |    |    |    + _SD_ReadByte --> 10
  20      |    |    |    + _SD_SendCmd --> 12
  21      |    |    |    + _SD_WriteByte --> 13
  22      |    |    |    + _dly: (10)
          |    |    | 
          |    | 
          | 
  23      + _GetCfg: (14)
  24      |    + _ConvertFileName: (8)
  25      |    + _IsValidCfgBuf: (7)
          | 
  26      + _GetNxtFileName: (4)
  27      + _LedInit: (2)
  28      |    + L3_gpioInit: (2)
          | 
  29      + _adcInit: (2)
  30      |    + L31_NextChannel: (4)
  31      |    + L71_tim1Init: (14)
  32      |    |    + L51_GetChannelNo: (6)
          |    | 
          | 
  33      + _clkInit: (2)
  34      + _dly --> 22
  35      + _pf_mount: (61)
  36      |    + L167_check_fs: (8)
  37      |    |    + L5_ld_word: (6)
  38      |    |    + _disk_readp --> 8
          |    | 
  39      |    + L53_ld_dword --> 7
  40      |    + L5_ld_word --> 37
  41      |    + _disk_initialize: (2)
  42      |    |    + _SD_Detect: (3)
  43      |    |    + _SD_Init: (7)
  44      |    |    |    + _SD_GoIdleState: (10)
  45      |    |    |    |    + _SD_GetResponse --> 9
  46      |    |    |    |    + _SD_GetResponseVal: (5)
  47      |    |    |    |    |    + _SD_GetResponse --> 9
  48      |    |    |    |    |    + _SD_ReadByte --> 10
          |    |    |    |    | 
  49      |    |    |    |    + _SD_SendCmd --> 12
  50      |    |    |    |    + _SD_WriteByte --> 13
  51      |    |    |    |    + _dly --> 22
          |    |    |    | 
  52      |    |    |    + _SD_LowLevel_Init: (2)
  53      |    |    |    + _SD_WriteByte --> 13
          |    |    | 
          |    | 
  54      |    + _disk_readp --> 8
          | 
  55      + _pf_open: (67)
  56      |    + L123_get_clust: (10)
  57      |    |    + L5_ld_word --> 37
          |    | 
  58      |    + L376_follow_path: (9)
  59      |    |    + L123_get_clust --> 56
  60      |    |    + L135_dir_find: (8)
  61      |    |    |    + L153_dir_rewind: (10)
  62      |    |    |    |    + L372_clust2sect --> 5
          |    |    |    | 
  63      |    |    |    + L354_dir_next: (14)
  64      |    |    |    |    + L372_clust2sect --> 5
  65      |    |    |    |    + L761_get_fat --> 6
          |    |    |    | 
  66      |    |    |    + L711_mem_cmp: (14)
  67      |    |    |    + _disk_readp --> 8
          |    |    | 
  68      |    |    + L153_dir_rewind --> 61
  69      |    |    + L306_create_name: (15)
  70      |    |    |    + L75_mem_set: (10)
          |    |    | 
          |    | 
  71      |    + L53_ld_dword --> 7
          | 
  72      + _pf_read: (23)
  73      |    + L372_clust2sect --> 5
  74      |    + L761_get_fat --> 6
  75      |    + _disk_readp --> 8
          | 
  76      + _sysTickInit: (2)
  77      |    + L3_tim4Init: (2)
          | 
       
  78 > f_NonHandledInterrupt: (6)

  79 > f_adcIsr: (13)
  80      + L11_NextByte: (2)
  81      + L31_NextChannel --> 30
       
  82 > f_systemTickIsr: (10)

  83   L11_NextByte --> 80

  84   L123_get_clust --> 56

  85   L135_dir_find --> 60

  86   L153_dir_rewind --> 61

  87   L167_check_fs --> 36

  88   L306_create_name --> 69

  89   L31_NextChannel --> 30

  90   L31_Wr2SD --> 3

  91   L354_dir_next --> 63

  92   L372_clust2sect --> 5

  93   L376_follow_path --> 58

  94   L3_gpioInit --> 28

  95   L3_tim4Init --> 77

  96   L51_GetChannelNo --> 32

  97   L53_ld_dword --> 7

  98   L5_ld_word --> 37

  99   L711_mem_cmp --> 66

 100   L71_tim1Init --> 31

 101   L75_mem_set --> 70

 102   L761_get_fat --> 6

 103   _ConvertFileName --> 24

 104   _GetCfg --> 23

 105   _GetNxtFileName --> 26

 106   _IsValidCfgBuf --> 25

 107   _LedInit --> 27

 108   _SD_Detect --> 42

 109   _SD_GetDataResponse --> 16

 110   _SD_GetResponse --> 9

 111   _SD_GetResponseVal --> 46

 112   _SD_GoIdleState --> 44

 113   _SD_Init --> 43

 114   _SD_LowLevel_Init --> 52

 115   _SD_ReadByte --> 10

 116   _SD_SendCmd --> 12

 117   _SD_WriteByte --> 13

 118   _adcInit --> 29

 119   _clkInit --> 33

 120   _disk_initialize --> 41

 121   _disk_readp --> 8

 122   _disk_writep --> 15

 123   _dly --> 22

 124   _pf_mount --> 35

 125   _pf_open --> 55

 126   _pf_read --> 72

 127   _pf_write --> 4

 128   _sysTickInit --> 76



                               -------
                               Symbols
                               -------

_ConvertFileName        0000949c   defined in Debug\main.o section .text
_GetCfg                 000094fd   defined in Debug\main.o section .text
_GetNxtFileName         000093de   defined in Debug\main.o section .text
_IsValidCfgBuf          000095fe   defined in Debug\main.o section .text
_LedInit                00008f52   defined in Debug\led.o section .text
                                   used in Debug\main.o
_SD_Detect              00008fae   defined in Debug\mmcsd.o section .text
                                   used in Debug\diskio.o
_SD_GetDataResponse     00008ffa   defined in Debug\mmcsd.o section .text
                                   used in Debug\diskio.o
_SD_GetResponse         0000904d   defined in Debug\mmcsd.o section .text
                                   used in Debug\diskio.o
_SD_GetResponseVal      0000907e   defined in Debug\mmcsd.o section .text
_SD_GoIdleState         000090bf   defined in Debug\mmcsd.o section .text
_SD_Init                00008f6f   defined in Debug\mmcsd.o section .text
                                   used in Debug\diskio.o
_SD_LowLevel_Init       000091ea   defined in Debug\mmcsd.o section .text
_SD_ReadByte            000091d8   defined in Debug\mmcsd.o section .text
                                   used in Debug\diskio.o
_SD_SendCmd             00008fb6   defined in Debug\mmcsd.o section .text
                                   used in Debug\diskio.o
_SD_WriteByte           000091c7   defined in Debug\mmcsd.o section .text
                                   used in Debug\diskio.o
__endmem                000001ff   defined in command file
                                   *** not used ***
__endzp                 0000003c   defined in command file section .ubsct
                                   used in C:\Program Files (x86)\COSMIC\FSE_Compilers\CXSTM8\Lib\crtsi0.sm8
__idesc__               000080aa   defined in linker section .init
                                   used in C:\Program Files (x86)\COSMIC\FSE_Compilers\CXSTM8\Lib\crtsi0.sm8
__memory                0000030b   defined in command file section .bss
                                   used in C:\Program Files (x86)\COSMIC\FSE_Compilers\CXSTM8\Lib\crtsi0.sm8
__stack                 000003ff   defined in command file
                                   used in C:\Program Files (x86)\COSMIC\FSE_Compilers\CXSTM8\Lib\crtsi0.sm8
__startmem              0000030b   defined in command file section .bss
                                   *** not used ***
__stext                 000080c3   defined in C:\Program Files (x86)\COSMIC\FSE_Compilers\CXSTM8\Lib\crtsi0.sm8 section .text
                                   used in Debug\stm8_interrupt_vector.o
__vectab                00008000   defined in Debug\stm8_interrupt_vector.o section .const
_adcBuffer0             00000209   defined in Debug\adc.o section .bss
                                   used in Debug\main.o
_adcBuffer1             00000109   defined in Debug\adc.o section .bss
                                   used in Debug\main.o
_adcInit                0000816c   defined in Debug\adc.o section .text
                                   used in Debug\main.o
_buffer_rdy             00000009   defined in Debug\adc.o section .ubsct
                                   used in Debug\main.o
_clkInit                00009628   defined in Debug\main.o section .text
_disk_initialize        000082fc   defined in Debug\diskio.o section .text
                                   used in Debug\pff.o
_disk_readp             0000830f   defined in Debug\diskio.o section .text
                                   used in Debug\pff.o
_disk_writep            000083b1   defined in Debug\diskio.o section .text
                                   used in Debug\pff.o
_dly                    00008296   defined in Debug\dly.o section .text
                                   used in Debug\diskio.o Debug\mmcsd.o
                                           Debug\main.o
_exit                   00008111   defined in C:\Program Files (x86)\COSMIC\FSE_Compilers\CXSTM8\Lib\crtsi0.sm8 section .text
_ledFreqInTick          00000012   defined in Debug\led.o section .ubsct
                                   used in Debug\dly.o Debug\main.o
_ledNxtToggle           0000000e   defined in Debug\led.o section .ubsct
                                   used in Debug\dly.o Debug\main.o
_loggerCfg              00000016   defined in Debug\main.o section .ubsct
                                   used in Debug\adc.o
_main                   0000920f   defined in Debug\main.o section .text
                                   used in C:\Program Files (x86)\COSMIC\FSE_Compilers\CXSTM8\Lib\crtsi0.sm8
_pf_mount               0000896e   defined in Debug\pff.o section .text
                                   used in Debug\main.o
_pf_open                00008b6a   defined in Debug\pff.o section .text
                                   used in Debug\main.o
_pf_read                00008bd2   defined in Debug\pff.o section .text
                                   used in Debug\main.o
_pf_write               00008d6d   defined in Debug\pff.o section .text
                                   used in Debug\main.o
_sysTick                0000000a   defined in Debug\dly.o section .ubsct
                                   used in Debug\main.o
_sysTickInit            0000827a   defined in Debug\dly.o section .text
                                   used in Debug\main.o
c_bmulx                 00009639   defined in (C:\Program Files (x86)\COSMIC\FSE_Compilers\CXSTM8\Lib\libm0.sm8)bmulx.o section .text
                                   used in Debug\main.o
c_divsl                 00009851   defined in (C:\Program Files (x86)\COSMIC\FSE_Compilers\CXSTM8\Lib\libm0.sm8)ldiv.o section .text
                                   *** not used ***
c_divul                 00009868   defined in (C:\Program Files (x86)\COSMIC\FSE_Compilers\CXSTM8\Lib\libm0.sm8)ldiv.o section .text
                                   used in (C:\Program Files (x86)\COSMIC\FSE_Compilers\CXSTM8\Lib\libm0.sm8)ludiv.o
c_imul                  00009647   defined in (C:\Program Files (x86)\COSMIC\FSE_Compilers\CXSTM8\Lib\libm0.sm8)imul.o section .text
                                   used in Debug\main.o
c_ladc                  0000966b   defined in (C:\Program Files (x86)\COSMIC\FSE_Compilers\CXSTM8\Lib\libm0.sm8)ladc.o section .text
                                   used in Debug\pff.o Debug\main.o
c_ladd                  0000967c   defined in (C:\Program Files (x86)\COSMIC\FSE_Compilers\CXSTM8\Lib\libm0.sm8)ladd.o section .text
                                   used in Debug\dly.o Debug\pff.o Debug\main.o
c_land                  00009694   defined in (C:\Program Files (x86)\COSMIC\FSE_Compilers\CXSTM8\Lib\libm0.sm8)land.o section .text
                                   used in Debug\pff.o
c_lcmp                  000096ac   defined in (C:\Program Files (x86)\COSMIC\FSE_Compilers\CXSTM8\Lib\libm0.sm8)lcmp.o section .text
                                   used in Debug\dly.o Debug\diskio.o Debug\pff.o
                                           Debug\mmcsd.o
c_lgadc                 000096cc   defined in (C:\Program Files (x86)\COSMIC\FSE_Compilers\CXSTM8\Lib\libm0.sm8)lgadc.o section .text
                                   used in Debug\dly.o Debug\diskio.o Debug\pff.o
                                           Debug\mmcsd.o
c_lgadd                 000096dc   defined in (C:\Program Files (x86)\COSMIC\FSE_Compilers\CXSTM8\Lib\libm0.sm8)lgadd.o section .text
                                   used in Debug\pff.o
c_lglsh                 000096f3   defined in (C:\Program Files (x86)\COSMIC\FSE_Compilers\CXSTM8\Lib\libm0.sm8)lglsh.o section .text
                                   used in Debug\pff.o
c_lgmul                 00009701   defined in (C:\Program Files (x86)\COSMIC\FSE_Compilers\CXSTM8\Lib\libm0.sm8)lgmul.o section .text
                                   used in Debug\pff.o
c_lgneg                 0000993c   defined in (C:\Program Files (x86)\COSMIC\FSE_Compilers\CXSTM8\Lib\libm0.sm8)lgneg.o section .text
                                   used in (C:\Program Files (x86)\COSMIC\FSE_Compilers\CXSTM8\Lib\libm0.sm8)ldiv.o
c_lgor                  00009709   defined in (C:\Program Files (x86)\COSMIC\FSE_Compilers\CXSTM8\Lib\libm0.sm8)lgor.o section .text
                                   used in Debug\pff.o
c_lgsbc                 00009720   defined in (C:\Program Files (x86)\COSMIC\FSE_Compilers\CXSTM8\Lib\libm0.sm8)lgsbc.o section .text
                                   used in Debug\diskio.o Debug\pff.o
                                           Debug\mmcsd.o Debug\main.o
c_llsh                  00009736   defined in (C:\Program Files (x86)\COSMIC\FSE_Compilers\CXSTM8\Lib\libm0.sm8)llsh.o section .text
                                   used in Debug\pff.o Debug\main.o
c_lmul                  00009745   defined in (C:\Program Files (x86)\COSMIC\FSE_Compilers\CXSTM8\Lib\libm0.sm8)lmul.o section .text
                                   used in Debug\pff.o
                                           (C:\Program Files (x86)\COSMIC\FSE_Compilers\CXSTM8\Lib\libm0.sm8)lgmul.o
c_lmulc                 0000974d   defined in (C:\Program Files (x86)\COSMIC\FSE_Compilers\CXSTM8\Lib\libm0.sm8)lmul.o section .text
                                   *** not used ***
c_lneg                  0000994f   defined in (C:\Program Files (x86)\COSMIC\FSE_Compilers\CXSTM8\Lib\libm0.sm8)lneg.o section .text
                                   used in (C:\Program Files (x86)\COSMIC\FSE_Compilers\CXSTM8\Lib\libm0.sm8)ldiv.o
c_lor                   000097d0   defined in (C:\Program Files (x86)\COSMIC\FSE_Compilers\CXSTM8\Lib\libm0.sm8)lor.o section .text
                                   used in Debug\pff.o
c_lreg                  00000032   defined in (C:\Program Files (x86)\COSMIC\FSE_Compilers\CXSTM8\Lib\libm0.sm8)lreg.o section .ubsct
                                   used in Debug\adc.o Debug\dly.o Debug\pff.o
                                           Debug\main.o
                                           (C:\Program Files (x86)\COSMIC\FSE_Compilers\CXSTM8\Lib\libm0.sm8)ladc.o
                                           (C:\Program Files (x86)\COSMIC\FSE_Compilers\CXSTM8\Lib\libm0.sm8)ladd.o
                                           (C:\Program Files (x86)\COSMIC\FSE_Compilers\CXSTM8\Lib\libm0.sm8)land.o
                                           (C:\Program Files (x86)\COSMIC\FSE_Compilers\CXSTM8\Lib\libm0.sm8)lcmp.o
                                           (C:\Program Files (x86)\COSMIC\FSE_Compilers\CXSTM8\Lib\libm0.sm8)lgadd.o
                                           (C:\Program Files (x86)\COSMIC\FSE_Compilers\CXSTM8\Lib\libm0.sm8)lgor.o
                                           (C:\Program Files (x86)\COSMIC\FSE_Compilers\CXSTM8\Lib\libm0.sm8)llsh.o
                                           (C:\Program Files (x86)\COSMIC\FSE_Compilers\CXSTM8\Lib\libm0.sm8)lmul.o
                                           (C:\Program Files (x86)\COSMIC\FSE_Compilers\CXSTM8\Lib\libm0.sm8)lor.o
                                           (C:\Program Files (x86)\COSMIC\FSE_Compilers\CXSTM8\Lib\libm0.sm8)lrzmp.o
                                           (C:\Program Files (x86)\COSMIC\FSE_Compilers\CXSTM8\Lib\libm0.sm8)lsbc.o
                                           (C:\Program Files (x86)\COSMIC\FSE_Compilers\CXSTM8\Lib\libm0.sm8)lsub.o
                                           (C:\Program Files (x86)\COSMIC\FSE_Compilers\CXSTM8\Lib\libm0.sm8)ltor.o
                                           (C:\Program Files (x86)\COSMIC\FSE_Compilers\CXSTM8\Lib\libm0.sm8)ldiv.o
                                           (C:\Program Files (x86)\COSMIC\FSE_Compilers\CXSTM8\Lib\libm0.sm8)lneg.o
                                           (C:\Program Files (x86)\COSMIC\FSE_Compilers\CXSTM8\Lib\libm0.sm8)lursh.o
                                           (C:\Program Files (x86)\COSMIC\FSE_Compilers\CXSTM8\Lib\libm0.sm8)rtol.o
                                           (C:\Program Files (x86)\COSMIC\FSE_Compilers\CXSTM8\Lib\libm0.sm8)utolx.o
                                           (C:\Program Files (x86)\COSMIC\FSE_Compilers\CXSTM8\Lib\libm0.sm8)utoly.o
                                           (C:\Program Files (x86)\COSMIC\FSE_Compilers\CXSTM8\Lib\libm0.sm8)umul.o
c_lrzmp                 000097e8   defined in (C:\Program Files (x86)\COSMIC\FSE_Compilers\CXSTM8\Lib\libm0.sm8)lrzmp.o section .text
                                   used in Debug\diskio.o Debug\pff.o
c_lsbc                  000097fc   defined in (C:\Program Files (x86)\COSMIC\FSE_Compilers\CXSTM8\Lib\libm0.sm8)lsbc.o section .text
                                   used in Debug\pff.o
c_lsub                  00009813   defined in (C:\Program Files (x86)\COSMIC\FSE_Compilers\CXSTM8\Lib\libm0.sm8)lsub.o section .text
                                   used in Debug\pff.o
c_ltor                  0000982b   defined in (C:\Program Files (x86)\COSMIC\FSE_Compilers\CXSTM8\Lib\libm0.sm8)ltor.o section .text
                                   used in Debug\dly.o Debug\diskio.o Debug\pff.o
                                           Debug\mmcsd.o Debug\main.o
c_ludv                  0000983d   defined in (C:\Program Files (x86)\COSMIC\FSE_Compilers\CXSTM8\Lib\libm0.sm8)ludiv.o section .text
                                   used in Debug\adc.o Debug\pff.o
c_lursh                 00009964   defined in (C:\Program Files (x86)\COSMIC\FSE_Compilers\CXSTM8\Lib\libm0.sm8)lursh.o section .text
                                   used in Debug\pff.o
c_lzmp                  00009973   defined in (C:\Program Files (x86)\COSMIC\FSE_Compilers\CXSTM8\Lib\libm0.sm8)lzmp.o section .text
                                   used in Debug\dly.o Debug\diskio.o Debug\pff.o
                                           Debug\mmcsd.o Debug\main.o
c_rtol                  00009986   defined in (C:\Program Files (x86)\COSMIC\FSE_Compilers\CXSTM8\Lib\libm0.sm8)rtol.o section .text
                                   used in Debug\adc.o Debug\dly.o Debug\pff.o
                                           Debug\main.o
                                           (C:\Program Files (x86)\COSMIC\FSE_Compilers\CXSTM8\Lib\libm0.sm8)lgmul.o
c_uitolx                00009998   defined in (C:\Program Files (x86)\COSMIC\FSE_Compilers\CXSTM8\Lib\libm0.sm8)utolx.o section .text
                                   used in Debug\adc.o Debug\diskio.o Debug\pff.o
c_uitoly                0000999f   defined in (C:\Program Files (x86)\COSMIC\FSE_Compilers\CXSTM8\Lib\libm0.sm8)utoly.o section .text
                                   used in Debug\pff.o
c_umul                  000099a7   defined in (C:\Program Files (x86)\COSMIC\FSE_Compilers\CXSTM8\Lib\libm0.sm8)umul.o section .text
                                   used in Debug\main.o
c_x                     00000036   defined in (C:\Program Files (x86)\COSMIC\FSE_Compilers\CXSTM8\Lib\libm0.sm8)xreg.o section .ubsct
                                   used in C:\Program Files (x86)\COSMIC\FSE_Compilers\CXSTM8\Lib\crtsi0.sm8
                                           Debug\adc.o
                                           (C:\Program Files (x86)\COSMIC\FSE_Compilers\CXSTM8\Lib\libm0.sm8)bmulx.o
                                           (C:\Program Files (x86)\COSMIC\FSE_Compilers\CXSTM8\Lib\libm0.sm8)imul.o
                                           (C:\Program Files (x86)\COSMIC\FSE_Compilers\CXSTM8\Lib\libm0.sm8)lmul.o
                                           (C:\Program Files (x86)\COSMIC\FSE_Compilers\CXSTM8\Lib\libm0.sm8)ldiv.o
                                           (C:\Program Files (x86)\COSMIC\FSE_Compilers\CXSTM8\Lib\libm0.sm8)umul.o
                                           (C:\Program Files (x86)\COSMIC\FSE_Compilers\CXSTM8\Lib\libm0.sm8)xymov.o
c_xymov                 000099e3   defined in (C:\Program Files (x86)\COSMIC\FSE_Compilers\CXSTM8\Lib\libm0.sm8)xymov.o section .text
                                   used in Debug\mmcsd.o
c_y                     00000039   defined in (C:\Program Files (x86)\COSMIC\FSE_Compilers\CXSTM8\Lib\libm0.sm8)yreg.o section .ubsct
                                   used in C:\Program Files (x86)\COSMIC\FSE_Compilers\CXSTM8\Lib\crtsi0.sm8
                                           Debug\adc.o
                                           (C:\Program Files (x86)\COSMIC\FSE_Compilers\CXSTM8\Lib\libm0.sm8)umul.o
f_NonHandledInterrupt   00009a22   defined in Debug\stm8_interrupt_vector.o section .text
f_adcIsr                00008235   defined in Debug\adc.o section .text
                                   used in Debug\stm8_interrupt_vector.o
f_systemTickIsr         000082ba   defined in Debug\dly.o section .text
                                   used in Debug\stm8_interrupt_vector.o
